Archive member included to satisfy reference by file (symbol)

c:/program files (x86)/microchip/xc32/v2.15/bin/bin/../../lib/gcc/pic32c/6.2.1/../../../../pic32c/lib/v7e-m/fpv4-sp/hard\libm.a(lib_a-w_log.o)
                              build/Default/production/temperatureCircuit.o (log)
c:/program files (x86)/microchip/xc32/v2.15/bin/bin/../../lib/gcc/pic32c/6.2.1/../../../../pic32c/lib/v7e-m/fpv4-sp/hard\libm.a(lib_a-w_pow.o)
                              build/Default/production/temperatureCircuit.o (pow)
c:/program files (x86)/microchip/xc32/v2.15/bin/bin/../../lib/gcc/pic32c/6.2.1/../../../../pic32c/lib/v7e-m/fpv4-sp/hard\libm.a(lib_a-e_log.o)
                              c:/program files (x86)/microchip/xc32/v2.15/bin/bin/../../lib/gcc/pic32c/6.2.1/../../../../pic32c/lib/v7e-m/fpv4-sp/hard\libm.a(lib_a-w_log.o) (__ieee754_log)
c:/program files (x86)/microchip/xc32/v2.15/bin/bin/../../lib/gcc/pic32c/6.2.1/../../../../pic32c/lib/v7e-m/fpv4-sp/hard\libm.a(lib_a-e_pow.o)
                              c:/program files (x86)/microchip/xc32/v2.15/bin/bin/../../lib/gcc/pic32c/6.2.1/../../../../pic32c/lib/v7e-m/fpv4-sp/hard\libm.a(lib_a-w_pow.o) (__ieee754_pow)
c:/program files (x86)/microchip/xc32/v2.15/bin/bin/../../lib/gcc/pic32c/6.2.1/../../../../pic32c/lib/v7e-m/fpv4-sp/hard\libm.a(lib_a-e_sqrt.o)
                              c:/program files (x86)/microchip/xc32/v2.15/bin/bin/../../lib/gcc/pic32c/6.2.1/../../../../pic32c/lib/v7e-m/fpv4-sp/hard\libm.a(lib_a-e_pow.o) (__ieee754_sqrt)
c:/program files (x86)/microchip/xc32/v2.15/bin/bin/../../lib/gcc/pic32c/6.2.1/../../../../pic32c/lib/v7e-m/fpv4-sp/hard\libm.a(lib_a-s_fabs.o)
                              c:/program files (x86)/microchip/xc32/v2.15/bin/bin/../../lib/gcc/pic32c/6.2.1/../../../../pic32c/lib/v7e-m/fpv4-sp/hard\libm.a(lib_a-e_pow.o) (fabs)
c:/program files (x86)/microchip/xc32/v2.15/bin/bin/../../lib/gcc/pic32c/6.2.1/../../../../pic32c/lib/v7e-m/fpv4-sp/hard\libm.a(lib_a-s_finite.o)
                              c:/program files (x86)/microchip/xc32/v2.15/bin/bin/../../lib/gcc/pic32c/6.2.1/../../../../pic32c/lib/v7e-m/fpv4-sp/hard\libm.a(lib_a-w_pow.o) (finite)
c:/program files (x86)/microchip/xc32/v2.15/bin/bin/../../lib/gcc/pic32c/6.2.1/../../../../pic32c/lib/v7e-m/fpv4-sp/hard\libm.a(lib_a-s_lib_ver.o)
                              c:/program files (x86)/microchip/xc32/v2.15/bin/bin/../../lib/gcc/pic32c/6.2.1/../../../../pic32c/lib/v7e-m/fpv4-sp/hard\libm.a(lib_a-w_log.o) (__fdlib_version)
c:/program files (x86)/microchip/xc32/v2.15/bin/bin/../../lib/gcc/pic32c/6.2.1/../../../../pic32c/lib/v7e-m/fpv4-sp/hard\libm.a(lib_a-s_matherr.o)
                              c:/program files (x86)/microchip/xc32/v2.15/bin/bin/../../lib/gcc/pic32c/6.2.1/../../../../pic32c/lib/v7e-m/fpv4-sp/hard\libm.a(lib_a-w_log.o) (matherr)
c:/program files (x86)/microchip/xc32/v2.15/bin/bin/../../lib/gcc/pic32c/6.2.1/../../../../pic32c/lib/v7e-m/fpv4-sp/hard\libm.a(lib_a-s_nan.o)
                              c:/program files (x86)/microchip/xc32/v2.15/bin/bin/../../lib/gcc/pic32c/6.2.1/../../../../pic32c/lib/v7e-m/fpv4-sp/hard\libm.a(lib_a-w_log.o) (nan)
c:/program files (x86)/microchip/xc32/v2.15/bin/bin/../../lib/gcc/pic32c/6.2.1/../../../../pic32c/lib/v7e-m/fpv4-sp/hard\libm.a(lib_a-s_rint.o)
                              c:/program files (x86)/microchip/xc32/v2.15/bin/bin/../../lib/gcc/pic32c/6.2.1/../../../../pic32c/lib/v7e-m/fpv4-sp/hard\libm.a(lib_a-w_pow.o) (rint)
c:/program files (x86)/microchip/xc32/v2.15/bin/bin/../../lib/gcc/pic32c/6.2.1/../../../../pic32c/lib/v7e-m/fpv4-sp/hard\libm.a(lib_a-s_scalbn.o)
                              c:/program files (x86)/microchip/xc32/v2.15/bin/bin/../../lib/gcc/pic32c/6.2.1/../../../../pic32c/lib/v7e-m/fpv4-sp/hard\libm.a(lib_a-e_pow.o) (scalbn)
c:/program files (x86)/microchip/xc32/v2.15/bin/bin/../../lib/gcc/pic32c/6.2.1/../../../../pic32c/lib/v7e-m/fpv4-sp/hard\libm.a(lib_a-s_copysign.o)
                              c:/program files (x86)/microchip/xc32/v2.15/bin/bin/../../lib/gcc/pic32c/6.2.1/../../../../pic32c/lib/v7e-m/fpv4-sp/hard\libm.a(lib_a-s_scalbn.o) (copysign)
c:/program files (x86)/microchip/xc32/v2.15/bin/bin/../../lib/gcc/pic32c/6.2.1/../../../../pic32c/lib/v7e-m/fpv4-sp/hard\libpic32c.a(data_init.o)
                              C:\Users\JOHNSF~1\AppData\Local\Temp\cc8iBJXu.o (__pic32c_data_initialization)
c:/program files (x86)/microchip/xc32/v2.15/bin/bin/../../lib/gcc/pic32c/6.2.1/v7e-m/fpv4-sp/hard\libgcc.a(_arm_addsubdf3.o)
                              build/Default/production/hpl/sercom/hpl_sercom.o (__aeabi_dsub)
c:/program files (x86)/microchip/xc32/v2.15/bin/bin/../../lib/gcc/pic32c/6.2.1/v7e-m/fpv4-sp/hard\libgcc.a(_arm_muldivdf3.o)
                              build/Default/production/hpl/sercom/hpl_sercom.o (__aeabi_dmul)
c:/program files (x86)/microchip/xc32/v2.15/bin/bin/../../lib/gcc/pic32c/6.2.1/v7e-m/fpv4-sp/hard\libgcc.a(_arm_cmpdf2.o)
[...]
Memory Configuration

Name             Origin             Length             Attributes
rom              0x0000c000         0x000f4000         xr
ram              0x20000000         0x00040000         xrw
*default*        0x00000000         0xffffffff
dtcm             0x00000000         0xffffffff
itcm             0x00000000         0xffffffff
tcm              0x00000000         0xffffffff

Linker script and memory map

LOAD c:/program files (x86)/microchip/xc32/v2.15/bin/bin/../../lib/gcc/pic32c/6.2.1/v7e-m/fpv4-sp/hard/crti.o
LOAD c:/program files (x86)/microchip/xc32/v2.15/bin/bin/../../lib/gcc/pic32c/6.2.1/v7e-m/fpv4-sp/hard/crtbegin.o
LOAD c:/program files (x86)/microchip/xc32/v2.15/bin/bin/../../lib/gcc/pic32c/6.2.1/../../../../pic32c/lib/v7e-m/fpv4-sp/hard/crt0.o
LOAD build/Default/production/gcc/system_same54.o
LOAD build/Default/production/hal/src/hal_atomic.o
LOAD build/Default/production/hal/src/hal_cache.o
LOAD build/Default/production/hal/src/hal_delay.o
LOAD build/Default/production/hal/src/hal_gpio.o
LOAD build/Default/production/hal/src/hal_init.o
LOAD build/Default/production/hal/src/hal_io.o
LOAD build/Default/production/hal/src/hal_sleep.o
LOAD build/Default/production/hal/src/hal_usart_os.o
LOAD build/Default/production/hal/src/hal_i2c_m_os.o
LOAD build/Default/production/hal/src/hal_adc_os.o
LOAD build/Default/production/hal/src/hal_calendar.o
LOAD build/Default/production/hal/utils/src/utils_assert.o
LOAD build/Default/production/hal/utils/src/utils_event.o
LOAD build/Default/production/hal/utils/src/utils_list.o
LOAD build/Default/production/hal/utils/src/utils_ringbuffer.o
LOAD build/Default/production/hal/utils/src/utils_syscalls.o
LOAD build/Default/production/hpl/adc/hpl_adc.o
LOAD build/Default/production/hpl/cmcc/hpl_cmcc.o
LOAD build/Default/production/hpl/core/hpl_core_m4.o
LOAD build/Default/production/hpl/core/hpl_init.o
LOAD build/Default/production/hpl/dmac/hpl_dmac.o
LOAD build/Default/production/hpl/gclk/hpl_gclk.o
LOAD build/Default/production/hpl/mclk/hpl_mclk.o
LOAD build/Default/production/hpl/osc32kctrl/hpl_osc32kctrl.o
LOAD build/Default/production/hpl/oscctrl/hpl_oscctrl.o
LOAD build/Default/production/hpl/pm/hpl_pm.o
LOAD build/Default/production/hpl/ramecc/hpl_ramecc.o
LOAD build/Default/production/hpl/sercom/hpl_sercom.o
LOAD build/Default/production/thirdparty/RTOS/freertos/FreeRTOSV10.0.0/Source/portable/GCC/ARM_CM4F/port.o
LOAD build/Default/production/thirdparty/RTOS/freertos/FreeRTOSV10.0.0/Source/portable/MemMang/heap_2.o
LOAD build/Default/production/thirdparty/RTOS/freertos/FreeRTOSV10.0.0/Source/croutine.o
LOAD build/Default/production/thirdparty/RTOS/freertos/FreeRTOSV10.0.0/Source/event_groups.o
LOAD build/Default/production/thirdparty/RTOS/freertos/FreeRTOSV10.0.0/Source/list.o
LOAD build/Default/production/thirdparty/RTOS/freertos/FreeRTOSV10.0.0/Source/queue.o
LOAD build/Default/production/thirdparty/RTOS/freertos/FreeRTOSV10.0.0/Source/stream_buffer.o
LOAD build/Default/production/thirdparty/RTOS/freertos/FreeRTOSV10.0.0/Source/tasks.o
LOAD build/Default/production/thirdparty/RTOS/freertos/FreeRTOSV10.0.0/Source/timers.o
LOAD build/Default/production/thirdparty/RTOS/freertos/FreeRTOSV10.0.0/rtos_port.o
LOAD build/Default/production/thirdparty/SEGGER/Config/SEGGER_SYSVIEW_Config_FreeRTOS.o
LOAD build/Default/production/thirdparty/SEGGER/Sample/FreeRTOSV10/SEGGER_SYSVIEW_FreeRTOS.o
LOAD build/Default/production/thirdparty/SEGGER/Segger/SEGGER_RTT.o
LOAD build/Default/production/thirdparty/SEGGER/Segger/SEGGER_RTT_ASM_ARMv7M.o
LOAD build/Default/production/thirdparty/SEGGER/Segger/SEGGER_SYSVIEW.o
LOAD build/Default/production/driver_init.o
LOAD build/Default/production/rtos_start.o
LOAD build/Default/production/atmel_start.o
LOAD build/Default/production/cppinit.o
LOAD build/Default/production/ScreenManager.o
LOAD build/Default/production/ScreenMessages.o
LOAD build/Default/production/StringManipulation.o
LOAD build/Default/production/Led.o
LOAD build/Default/production/LedManager.o
LOAD build/Default/production/TriColorLed.o
LOAD build/Default/production/UIManager.o
LOAD build/Default/production/TankManager.o
LOAD build/Default/production/Arrays.o
LOAD build/Default/production/e54manageadc.o
LOAD build/Default/production/TextLCD.o
LOAD build/Default/production/main.o
LOAD build/Default/production/temperatureCircuit.o
LOAD build/Default/production/CapsenseController.o
LOAD build/Default/production/SystemManager.o
LOAD build/Default/production/DispenseManager.o
LOAD build/Default/production/CoffeeBeverage.o
LOAD build/Default/production/pwm.o
LOAD build/Default/production/tcc_lite.o
LOAD build/Default/production/GeneralFaults.o
LOAD build/Default/production/sprintfoverride.o
LOAD build/Default/production/SlowSoftI2CMaster.o
LOAD build/Default/production/Warmer.o
LOAD build/Default/production/WarmerManager.o
LOAD build/Default/production/StateTouchTest.o
LOAD build/Default/production/StateNormalMode.o
LOAD build/Default/production/hpl_rtc.o
LOAD build/Default/production/Calendar.o
LOAD build/Default/production/StateEditDate.o
LOAD build/Default/production/StateMenuBrowse.o
LOAD build/Default/production/StateEditTime.o
LOAD build/Default/production/StateSystemStartup.o
LOAD build/Default/production/SoftSPI.o
LOAD build/Default/production/SPIFlash.o
LOAD build/Default/production/debugFunctions.o
LOAD build/Default/production/NvParmManager.o
LOAD build/Default/production/osDelay.o
LOAD build/Default/production/TeaDispenseManager.o
LOAD build/Default/production/StateEditTankTemperature.o
LOAD build/Default/production/StateEditEnergySavings.o
LOAD build/Default/production/EnergySavingsManager.o
LOAD build/Default/production/StateEnergySavings.o
LOAD build/Default/production/StateEditTimeFormat.o
LOAD build/Default/production/StateEditCoffeeRecipe.o
LOAD build/Default/production/RAMRecipes.o
LOAD build/Default/production/StateTeachMode.o
LOAD build/Default/production/StateScreenTest.o
LOAD build/Default/production/StateShowBrewCounters.o
LOAD build/Default/production/StateEditLowTempNoBrew.o
LOAD build/Default/production/StateResetSystemSettings.o
LOAD build/Default/production/StateAutomaticTestMode.o
LOAD build/Default/production/StateViewTemperature.o
LOAD build/Default/production/StateViewWaterLevels.o
LOAD build/Default/production/StateStandbyMode.o
LOAD build/Default/production/StateFCTMainMenu.o
LOAD build/Default/production/StateFCTControlCoffeeOutput.o
LOAD build/Default/production/StateFCTControlTeaOutput.o
LOAD build/Default/production/StateFCTControlTankOutput.o
LOAD build/Default/production/StateFCTControlLEDOutput.o
LOAD build/Default/production/StateViewTankInputs.o
LOAD build/Default/production/StateFCTViewReedInputs.o
LOAD build/Default/production/StateFCTViewDipswitch.o
LOAD build/Default/production/StateFCTViewOnBrdUserInputs.o
LOAD build/Default/production/StateFCTTouchTest.o
LOAD build/Default/production/StateFCTTestSPIFlash.o
LOAD build/Default/production/StateEditBrewDripoutTime.o
LOAD build/Default/production/StateViewPreErrorTempLog.o
LOAD build/Default/production/StateViewPostErrorTempLog.o
LOAD build/Default/production/WtchDog.o
LOAD build/Default/production/smath.o
LOAD build/Default/production/StateFCTAllOutputsOnTest.o
                0x00000001                __MPLAB_BUILD = 0x1
                0x00100000                __rom_end = (ORIGIN (rom) + LENGTH (rom))
                0x20040000                __ram_end = (ORIGIN (ram) + LENGTH (ram))

.vectors        0x0000c000      0x264
                0x0000c000                . = ALIGN (0x4)
                0x0000c000                _sfixed = .
 *(.vectors .vectors.* .vectors_default .vectors_default.*)
 .vectors.default
                0x0000c000      0x264 C:\Users\JOHNSF~1\AppData\Local\Temp\cc8iBJXu.o
                0x0000c000                exception_table
 *(.isr_vector)
 *(.reset*)
 *(.after_vectors)

.text           0x0000c264      0xa5c
                0x0000c264                . = ALIGN (0x4)
 *(.glue_7t)
 .glue_7t       0x0000c264        0x0 linker stubs
 *(.glue_7)
 .glue_7        0x0000c264        0x0 linker stubs
 *(.gnu.linkonce.r.*)
 *(.ARM.extab* .gnu.linkonce.armextab.*)
 .ARM.extab     0x0000c264        0x0 c:/program files (x86)/microchip/xc32/v2.15/bin/bin/../../lib/gcc/pic32c/6.2.1/../../../../pic32c/lib/v7e-m/fpv4-sp/hard/crt0.o
 .gnu.linkonce.armextab._ZN6NvParmC1Ev
                0x0000c264        0x0 build/Default/production/cppinit.o
 .ARM.extab     0x0000c264       0x30 build/Default/production/cppinit.o
 .ARM.extab     0x0000c294       0x54 build/Default/production/ScreenManager.o
 .ARM.extab     0x0000c2e8        0x0 build/Default/production/ScreenMessages.o
 .ARM.extab     0x0000c2e8        0x0 build/Default/production/StringManipulation.o
 .ARM.extab     0x0000c2e8        0x0 build/Default/production/Led.o
 .ARM.extab     0x0000c2e8       0x24 build/Default/production/LedManager.o
 .ARM.extab     0x0000c30c        0x0 build/Default/production/TriColorLed.o
 .ARM.extab     0x0000c30c        0x0 build/Default/production/UIManager.o
 .ARM.extab     0x0000c30c       0xc0 build/Default/production/TankManager.o
 .ARM.extab     0x0000c3cc       0xd8 build/Default/production/TextLCD.o
 .ARM.extab     0x0000c4a4       0x6c build/Default/production/CapsenseController.o
 .ARM.extab     0x0000c510       0x60 build/Default/production/SystemManager.o
 .ARM.extab     0x0000c570       0x60 build/Default/production/DispenseManager.o
 .ARM.extab     0x0000c5d0        0xc build/Default/production/CoffeeBeverage.o
 .ARM.extab     0x0000c5dc       0x78 build/Default/production/SlowSoftI2CMaster.o
 .ARM.extab     0x0000c654       0x30 build/Default/production/Warmer.o
 .ARM.extab     0x0000c684        0xc build/Default/production/WarmerManager.o
 .ARM.extab     0x0000c690        0xc build/Default/production/StateTouchTest.o
 .ARM.extab     0x0000c69c       0x60 build/Default/production/StateNormalMode.o
 .ARM.extab     0x0000c6fc       0x54 build/Default/production/Calendar.o
 .ARM.extab     0x0000c750       0x30 build/Default/production/StateEditDate.o
 .ARM.extab     0x0000c780        0xc build/Default/production/StateMenuBrowse.o
 .ARM.extab     0x0000c78c       0x24 build/Default/production/StateEditTime.o
 .ARM.extab     0x0000c7b0        0xc build/Default/production/StateSystemStartup.o
 .ARM.extab     0x0000c7bc       0x24 build/Default/production/SoftSPI.o
 .ARM.extab     0x0000c7e0       0x9c build/Default/production/SPIFlash.o
 .ARM.extab     0x0000c87c        0x0 build/Default/production/NvParmManager.o
 .ARM.extab     0x0000c87c        0xc build/Default/production/TeaDispenseManager.o
 .ARM.extab     0x0000c888        0xc build/Default/production/StateEditTankTemperature.o
 .ARM.extab     0x0000c894       0x48 build/Default/production/StateEditEnergySavings.o
 .ARM.extab     0x0000c8dc        0x0 build/Default/production/EnergySavingsManager.o
 .ARM.extab     0x0000c8dc        0xc build/Default/production/StateEnergySavings.o
 .ARM.extab     0x0000c8e8        0xc build/Default/production/StateEditTimeFormat.o
 .ARM.extab     0x0000c8f4       0x60 build/Default/production/StateEditCoffeeRecipe.o
 .ARM.extab     0x0000c954        0xc build/Default/production/RAMRecipes.o
 .ARM.extab     0x0000c960       0x48 build/Default/production/StateTeachMode.o
 .ARM.extab     0x0000c9a8        0xc build/Default/production/StateScreenTest.o
 .ARM.extab     0x0000c9b4       0x3c build/Default/production/StateShowBrewCounters.o
 .ARM.extab     0x0000c9f0        0xc build/Default/production/StateEditLowTempNoBrew.o
 .ARM.extab     0x0000c9fc        0xc build/Default/production/StateResetSystemSettings.o
 .ARM.extab     0x0000ca08       0x54 build/Default/production/StateAutomaticTestMode.o
 .ARM.extab     0x0000ca5c        0xc build/Default/production/StateViewTemperature.o
 .ARM.extab     0x0000ca68        0xc build/Default/production/StateViewWaterLevels.o
 .ARM.extab     0x0000ca74        0xc build/Default/production/StateStandbyMode.o
 .ARM.extab     0x0000ca80        0xc build/Default/production/StateFCTMainMenu.o
 .ARM.extab     0x0000ca8c       0x18 build/Default/production/StateFCTControlCoffeeOutput.o
 .ARM.extab     0x0000caa4       0x18 build/Default/production/StateFCTControlTeaOutput.o
 .ARM.extab     0x0000cabc       0x18 build/Default/production/StateFCTControlTankOutput.o
 .ARM.extab     0x0000cad4       0x18 build/Default/production/StateFCTControlLEDOutput.o
 .ARM.extab     0x0000caec        0xc build/Default/production/StateViewTankInputs.o
 .ARM.extab     0x0000caf8       0x24 build/Default/production/StateFCTViewReedInputs.o
 .ARM.extab     0x0000cb1c       0x24 build/Default/production/StateFCTViewDipswitch.o
 .ARM.extab     0x0000cb40       0x30 build/Default/production/StateFCTViewOnBrdUserInputs.o
 .ARM.extab     0x0000cb70        0xc build/Default/production/StateFCTTouchTest.o
 .ARM.extab     0x0000cb7c        0xc build/Default/production/StateFCTTestSPIFlash.o
 .ARM.extab     0x0000cb88        0xc build/Default/production/StateEditBrewDripoutTime.o
 .ARM.extab     0x0000cb94        0xc build/Default/production/StateViewPreErrorTempLog.o
 .ARM.extab     0x0000cba0        0xc build/Default/production/StateViewPostErrorTempLog.o
 .ARM.extab     0x0000cbac       0x24 build/Default/production/StateFCTAllOutputsOnTest.o
 .ARM.extab     0x0000cbd0        0x0 c:/program files (x86)/microchip/xc32/v2.15/bin/bin/../../lib/gcc/pic32c/6.2.1/v7e-m/fpv4-sp/hard\libgcc.a(_udivmoddi4.o)
 .ARM.extab     0x0000cbd0        0x0 c:/program files (x86)/microchip/xc32/v2.15/bin/bin/../../lib/gcc/pic32c/6.2.1/v7e-m/fpv4-sp/hard\libgcc.a(unwind-arm.o)
 .ARM.extab     0x0000cbd0       0x18 c:/program files (x86)/microchip/xc32/v2.15/bin/bin/../../lib/gcc/pic32c/6.2.1/v7e-m/fpv4-sp/hard\libgcc.a(pr-support.o)
                0x0000cbe8                . = ALIGN (0x4)
 *(.init)
 .init          0x0000cbe8        0x4 c:/program files (x86)/microchip/xc32/v2.15/bin/bin/../../lib/gcc/pic32c/6.2.1/v7e-m/fpv4-sp/hard/crti.o
                0x0000cbe8                _init
 .init          0x0000cbec        0x8 c:/program files (x86)/microchip/xc32/v2.15/bin/bin/../../lib/gcc/pic32c/6.2.1/v7e-m/fpv4-sp/hard/crtn.o
                0x0000cbf4                . = ALIGN (0x4)
                0x0000cbf4                __preinit_array_start = .
 *(.preinit_array)
                0x0000cbf4                __preinit_array_end = .
                0x0000cbf4                . = ALIGN (0x4)
                0x0000cbf4                __init_array_start = .
 *(SORT(.init_array.*))
 .init_array.00000
                0x0000cbf4        0x4 c:/program files (x86)/microchip/xc32/v2.15/bin/bin/../../lib/gcc/pic32c/6.2.1/../../../../pic32c/lib/v7e-m/fpv4-sp/hard\libc.a(lib_a-__call_atexit.o)
 *(.init_array)
 .init_array    0x0000cbf8        0x4 c:/program files (x86)/microchip/xc32/v2.15/bin/bin/../../lib/gcc/pic32c/6.2.1/v7e-m/fpv4-sp/hard/crtbegin.o
 .init_array    0x0000cbfc        0x4 build/Default/production/cppinit.o
 .init_array    0x0000cc00        0x4 build/Default/production/ScreenManager.o
 .init_array    0x0000cc04        0x4 build/Default/production/LedManager.o
 .init_array    0x0000cc08        0x4 build/Default/production/UIManager.o
 .init_array    0x0000cc0c        0x4 build/Default/production/CapsenseController.o
 .init_array    0x0000cc10        0x4 build/Default/production/SystemManager.o
 .init_array    0x0000cc14        0x4 build/Default/production/WarmerManager.o
 .init_array    0x0000cc18        0x4 build/Default/production/StateTouchTest.o
 .init_array    0x0000cc1c        0x4 build/Default/production/StateNormalMode.o
 .init_array    0x0000cc20        0x4 build/Default/production/StateEditDate.o
 .init_array    0x0000cc24        0x4 build/Default/production/StateMenuBrowse.o
 .init_array    0x0000cc28        0x4 build/Default/production/StateEditTime.o
 .init_array    0x0000cc2c        0x4 build/Default/production/StateSystemStartup.o
 .init_array    0x0000cc30        0x4 build/Default/production/SPIFlash.o
 .init_array    0x0000cc34        0x4 build/Default/production/NvParmManager.o
 .init_array    0x0000cc38        0x4 build/Default/production/StateEditTankTemperature.o
 .init_array    0x0000cc3c        0x4 build/Default/production/StateEditEnergySavings.o
 .init_array    0x0000cc40        0x4 build/Default/production/StateEnergySavings.o
 .init_array    0x0000cc44        0x4 build/Default/production/StateEditTimeFormat.o
 .init_array    0x0000cc48        0x4 build/Default/production/StateEditCoffeeRecipe.o
 .init_array    0x0000cc4c        0x4 build/Default/production/RAMRecipes.o
 .init_array    0x0000cc50        0x4 build/Default/production/StateTeachMode.o
 .init_array    0x0000cc54        0x4 build/Default/production/StateScreenTest.o
 .init_array    0x0000cc58        0x4 build/Default/production/StateShowBrewCounters.o
 .init_array    0x0000cc5c        0x4 build/Default/production/StateEditLowTempNoBrew.o
 .init_array    0x0000cc60        0x4 build/Default/production/StateResetSystemSettings.o
 .init_array    0x0000cc64        0x4 build/Default/production/StateAutomaticTestMode.o
 .init_array    0x0000cc68        0x4 build/Default/production/StateViewTemperature.o
 .init_array    0x0000cc6c        0x4 build/Default/production/StateViewWaterLevels.o
 .init_array    0x0000cc70        0x4 build/Default/production/StateStandbyMode.o
 .init_array    0x0000cc74        0x4 build/Default/production/StateFCTMainMenu.o
 .init_array    0x0000cc78        0x4 build/Default/production/StateFCTControlCoffeeOutput.o
 .init_array    0x0000cc7c        0x4 build/Default/production/StateFCTControlTeaOutput.o
 .init_array    0x0000cc80        0x4 build/Default/production/StateFCTControlTankOutput.o
 .init_array    0x0000cc84        0x4 build/Default/production/StateFCTControlLEDOutput.o
 .init_array    0x0000cc88        0x4 build/Default/production/StateViewTankInputs.o
 .init_array    0x0000cc8c        0x4 build/Default/production/StateFCTViewReedInputs.o
 .init_array    0x0000cc90        0x4 build/Default/production/StateFCTViewDipswitch.o
 .init_array    0x0000cc94        0x4 build/Default/production/StateFCTViewOnBrdUserInputs.o
 .init_array    0x0000cc98        0x4 build/Default/production/StateFCTTouchTest.o
 .init_array    0x0000cc9c        0x4 build/Default/production/StateFCTTestSPIFlash.o
 .init_array    0x0000cca0        0x4 build/Default/production/StateEditBrewDripoutTime.o
 .init_array    0x0000cca4        0x4 build/Default/production/StateViewPreErrorTempLog.o
 .init_array    0x0000cca8        0x4 build/Default/production/StateViewPostErrorTempLog.o
 .init_array    0x0000ccac        0x4 build/Default/production/StateFCTAllOutputsOnTest.o
                0x0000ccb0                __init_array_end = .
                0x0000ccb0                . = ALIGN (0x4)
 *crtbegin.o(.ctors)
 *(EXCLUDE_FILE(*crtend.o) .ctors)
 *(SORT(.ctors.*))
 *crtend.o(.ctors)
                0x0000ccb0                . = ALIGN (0x4)
 *(.fini)
 .fini          0x0000ccb0        0x4 c:/program files (x86)/microchip/xc32/v2.15/bin/bin/../../lib/gcc/pic32c/6.2.1/v7e-m/fpv4-sp/hard/crti.o
                0x0000ccb0                _fini
 .fini          0x0000ccb4        0x8 c:/program files (x86)/microchip/xc32/v2.15/bin/bin/../../lib/gcc/pic32c/6.2.1/v7e-m/fpv4-sp/hard/crtn.o
                0x0000ccbc                . = ALIGN (0x4)
                0x0000ccbc                __fini_array_start = .
 *(.fini_array)
 .fini_array    0x0000ccbc        0x4 c:/program files (x86)/microchip/xc32/v2.15/bin/bin/../../lib/gcc/pic32c/6.2.1/v7e-m/fpv4-sp/hard/crtbegin.o
 *(SORT(.fini_array.*))
                0x0000ccc0                __fini_array_end = .
 *crtbegin.o(.dtors)
 *(EXCLUDE_FILE(*crtend.o) .dtors)
 *(SORT(.dtors.*))
 *crtend.o(.dtors)
                0x0000ccc0                . = ALIGN (0x4)
                0x0000ccc0                _efixed = .
                0x0000ccc0                PROVIDE (__exidx_start, .)

.ARM.exidx      0x0000ccc0     0x1698
 *(.ARM.exidx* .gnu.linkonce.armexidx.*)
 .ARM.exidx     0x0000e340        0x8 c:/program files (x86)/microchip/xc32/v2.15/bin/bin/../../lib/gcc/pic32c/6.2.1/../../../../pic32c/lib/v7e-m/fpv4-sp/hard/crt0.o
 .gnu.linkonce.armexidx._ZN6NvParmC1Ev
                0x0000e350        0x8 build/Default/production/cppinit.o
 .ARM.exidx     0x0000d5f0       0x40 build/Default/production/cppinit.o
 .ARM.exidx     0x0000d4a0       0xe8 build/Default/production/ScreenManager.o
 .ARM.exidx     0x0000e320       0x20 build/Default/production/ScreenMessages.o
 .ARM.exidx     0x0000dfe8       0x58 build/Default/production/StringManipulation.o
 .ARM.exidx     0x0000e040       0xa8 build/Default/production/Led.o
 .ARM.exidx     0x0000e198       0x30 build/Default/production/LedManager.o
 .ARM.exidx     0x0000df40       0xa8 build/Default/production/TriColorLed.o
 .ARM.exidx     0x0000e0e8       0x18 build/Default/production/UIManager.o
 .ARM.exidx     0x0000ce70      0x1d0 build/Default/production/TankManager.o
 .ARM.exidx     0x0000d120      0x190 build/Default/production/TextLCD.o
 .ARM.exidx     0x0000dda8       0x98 build/Default/production/CapsenseController.o
 .ARM.exidx     0x0000cd68      0x108 build/Default/production/SystemManager.o
 .ARM.exidx     0x0000d9c0       0xe8 build/Default/production/DispenseManager.o
 .ARM.exidx     0x0000e300       0x20 build/Default/production/CoffeeBeverage.o
 .ARM.exidx     0x0000d820       0xd8 build/Default/production/SlowSoftI2CMaster.o
 .ARM.exidx     0x0000dcb0       0xd8 build/Default/production/Warmer.o
 .ARM.exidx     0x0000e288       0x20 build/Default/production/WarmerManager.o
 .ARM.exidx     0x0000d630       0x18 build/Default/production/StateTouchTest.o
 .ARM.exidx     0x0000d040       0x78 build/Default/production/StateNormalMode.o
 .ARM.exidx     0x0000e2a8       0x58 build/Default/production/Calendar.o
 .ARM.exidx     0x0000d648       0x30 build/Default/production/StateEditDate.o
 .ARM.exidx     0x0000daf0       0x28 build/Default/production/StateMenuBrowse.o
 .ARM.exidx     0x0000d5c8       0x28 build/Default/production/StateEditTime.o
 .ARM.exidx     0x0000def0       0x18 build/Default/production/StateSystemStartup.o
 .ARM.exidx     0x0000d8f8       0xc8 build/Default/production/SoftSPI.o
 .ARM.exidx     0x0000d340       0xb0 build/Default/production/SPIFlash.o
 .ARM.exidx     0x0000e100       0x98 build/Default/production/NvParmManager.o
 .ARM.exidx     0x0000e348        0x8 build/Default/production/TeaDispenseManager.o
 .ARM.exidx     0x0000d7f8       0x28 build/Default/production/StateEditTankTemperature.o
 .ARM.exidx     0x0000d2b0       0x40 build/Default/production/StateEditEnergySavings.o
 .ARM.exidx     0x0000e218       0x70 build/Default/production/EnergySavingsManager.o
 .ARM.exidx     0x0000dc10       0x18 build/Default/production/StateEnergySavings.o
 .ARM.exidx     0x0000ded0       0x20 build/Default/production/StateEditTimeFormat.o
 .ARM.exidx     0x0000ccc0       0xa8 build/Default/production/StateEditCoffeeRecipe.o
 .ARM.exidx     0x0000de60       0x30 build/Default/production/RAMRecipes.o
 .ARM.exidx     0x0000d2f0       0x50 build/Default/production/StateTeachMode.o
 .ARM.exidx     0x0000df28       0x18 build/Default/production/StateScreenTest.o
 .ARM.exidx     0x0000d588       0x40 build/Default/production/StateShowBrewCounters.o
 .ARM.exidx     0x0000de90       0x20 build/Default/production/StateEditLowTempNoBrew.o
 .ARM.exidx     0x0000dd88       0x20 build/Default/production/StateResetSystemSettings.o
 .ARM.exidx     0x0000d0b8       0x68 build/Default/production/StateAutomaticTestMode.o
 .ARM.exidx     0x0000deb0       0x20 build/Default/production/StateViewTemperature.o
 .ARM.exidx     0x0000db80       0x28 build/Default/production/StateViewWaterLevels.o
 .ARM.exidx     0x0000dc90       0x20 build/Default/production/StateStandbyMode.o
 .ARM.exidx     0x0000dc28       0x28 build/Default/production/StateFCTMainMenu.o
 .ARM.exidx     0x0000d678       0x20 build/Default/production/StateFCTControlCoffeeOutput.o
 .ARM.exidx     0x0000d3f0       0xb0 build/Default/production/StateFCTControlTeaOutput.o
 .ARM.exidx     0x0000dc50       0x20 build/Default/production/StateFCTControlTankOutput.o
 .ARM.exidx     0x0000d698       0x20 build/Default/production/StateFCTControlLEDOutput.o
 .ARM.exidx     0x0000df08       0x20 build/Default/production/StateViewTankInputs.o
 .ARM.exidx     0x0000db18       0x48 build/Default/production/StateFCTViewReedInputs.o
 .ARM.exidx     0x0000daa8       0x48 build/Default/production/StateFCTViewDipswitch.o
 .ARM.exidx     0x0000dba8       0x48 build/Default/production/StateFCTViewOnBrdUserInputs.o
 .ARM.exidx     0x0000db60       0x20 build/Default/production/StateFCTTouchTest.o
 .ARM.exidx     0x0000dbf0       0x20 build/Default/production/StateFCTTestSPIFlash.o
 .ARM.exidx     0x0000d790       0x20 build/Default/production/StateEditBrewDripoutTime.o
 .ARM.exidx     0x0000dc70       0x20 build/Default/production/StateViewPreErrorTempLog.o
 .ARM.exidx     0x0000de40       0x20 build/Default/production/StateViewPostErrorTempLog.o
 .ARM.exidx     0x0000d7b0       0x48 build/Default/production/StateFCTAllOutputsOnTest.o
 .ARM.exidx     0x0000e210        0x8 c:/program files (x86)/microchip/xc32/v2.15/bin/bin/../../lib/gcc/pic32c/6.2.1/v7e-m/fpv4-sp/hard\libgcc.a(_udivmoddi4.o)
 .ARM.exidx     0x0000d6b8       0xd8 c:/program files (x86)/microchip/xc32/v2.15/bin/bin/../../lib/gcc/pic32c/6.2.1/v7e-m/fpv4-sp/hard\libgcc.a(unwind-arm.o)
 .ARM.exidx     0x0000e1c8       0x48 c:/program files (x86)/microchip/xc32/v2.15/bin/bin/../../lib/gcc/pic32c/6.2.1/v7e-m/fpv4-sp/hard\libgcc.a(pr-support.o)
                0x0000e358                PROVIDE (__exidx_end, .)
                0x0000e358                . = ALIGN (0x4)
                0x0000e358                _etext = .

.bss            0x20000000      0x408
                0x20000000                . = ALIGN (0x4)
                0x20000000                __bss_start__ = .
                0x20000000                _sbss = .
                0x20000000                _szero = .
 *(COMMON)
 COMMON         0x20000000      0x224 build/Default/production/hpl/core/hpl_core_m4.o
                0x20000000                _irq_table
 COMMON         0x20000224       0x10 build/Default/production/hpl/ramecc/hpl_ramecc.o
                0x20000224                device
 COMMON         0x20000234       0xa8 build/Default/production/thirdparty/SEGGER/Segger/SEGGER_RTT.o
                0x20000234                _SEGGER_RTT
 COMMON         0x200002dc        0x8 build/Default/production/thirdparty/SEGGER/Segger/SEGGER_SYSVIEW.o
                0x200002dc                SEGGER_SYSVIEW_InterruptId
                0x200002e0                SEGGER_SYSVIEW_TickCnt
 COMMON         0x200002e4      0x110 build/Default/production/driver_init.o
                0x200002e4                EDBG_COM_buffer
                0x200002f4                EDBG_COM
                0x20000340                ADC_0
                0x20000368                ADC_0_ch
                0x200003bc                I2C_0
 COMMON         0x200003f4        0x4 build/Default/production/e54manageadc.o
                0x200003f4                xCreatedAdcConvTask
 COMMON         0x200003f8        0x4 build/Default/production/pwm.o
                0x200003f8                tcc_cb
 COMMON         0x200003fc        0x8 build/Default/production/WtchDog.o
                0x200003fc                WtchDogEnable
                0x20000400                WtchDogStcIdx
 COMMON         0x20000404        0x4 c:/program files (x86)/microchip/xc32/v2.15/bin/bin/../../lib/gcc/pic32c/6.2.1/../../../../pic32c/lib/v7e-m/fpv4-sp/hard\libc.a(lib_a-reent.o)
                0x20000404                errno
                0x20000408                . = ALIGN (0x4)
                0x20000408                __bss_end__ = .
                0x20000408                _ebss = .
                0x20000408                _ezero = .
                0x20000408                . = ALIGN (0x4)
                0x20000408                _end = .
                0x2003ffff                _ram_end_ = ((ORIGIN (ram) + LENGTH (ram)) - 0x1)
LOAD c:/program files (x86)/microchip/xc32/v2.15/bin/bin/../../lib/gcc/pic32c/6.2.1/../../../../pic32c/lib/v7e-m/fpv4-sp/hard\libstdc++.a
LOAD c:/program files (x86)/microchip/xc32/v2.15/bin/bin/../../lib/gcc/pic32c/6.2.1/../../../../pic32c/lib/v7e-m/fpv4-sp/hard\libm.a
LOAD C:\Users\JOHNSF~1\AppData\Local\Temp\cc8iBJXu.o
START GROUP
LOAD c:/program files (x86)/microchip/xc32/v2.15/bin/bin/../../lib/gcc/pic32c/6.2.1/../../../../pic32c/lib/v7e-m/fpv4-sp/hard\libpic32c.a
LOAD c:/program files (x86)/microchip/xc32/v2.15/bin/bin/../../lib/gcc/pic32c/6.2.1/v7e-m/fpv4-sp/hard\libgcc.a
LOAD c:/program files (x86)/microchip/xc32/v2.15/bin/bin/../../lib/gcc/pic32c/6.2.1/../../../../pic32c/lib/v7e-m/fpv4-sp/hard\libc.a
LOAD c:/program files (x86)/microchip/xc32/v2.15/bin/bin/../../lib/gcc/pic32c/6.2.1/../../../../pic32c/lib/v7e-m/fpv4-sp/hard\libm.a
END GROUP
LOAD c:/program files (x86)/microchip/xc32/v2.15/bin/bin/../../lib/gcc/pic32c/6.2.1/v7e-m/fpv4-sp/hard/crtend.o
LOAD c:/program files (x86)/microchip/xc32/v2.15/bin/bin/../../lib/gcc/pic32c/6.2.1/v7e-m/fpv4-sp/hard/crtn.o
OUTPUT(dist/Default/production/2019_B_Series_Control_Redesign.X.production.elf elf32-littlearm)
LOAD stack
LOAD data_init

.ARM.attributes
                0x00000000       0x30
 .ARM.attributes
                0x00000000       0x22 c:/program files (x86)/microchip/xc32/v2.15/bin/bin/../../lib/gcc/pic32c/6.2.1/v7e-m/fpv4-sp/hard/crti.o
 .ARM.attributes
                0x00000022       0x34 c:/program files (x86)/microchip/xc32/v2.15/bin/bin/../../lib/gcc/pic32c/6.2.1/v7e-m/fpv4-sp/hard/crtbegin.o
 .ARM.attributes
                0x00000056       0x20 c:/program files (x86)/microchip/xc32/v2.15/bin/bin/../../lib/gcc/pic32c/6.2.1/../../../../pic32c/lib/v7e-m/fpv4-sp/hard/crt0.o
 .ARM.attributes
                0x00000076       0x39 build/Default/production/gcc/system_same54.o
 .ARM.attributes
                0x000000af       0x39 build/Default/production/hal/src/hal_atomic.o
 .ARM.attributes
                0x000000e8       0x39 build/Default/production/hal/src/hal_cache.o
 .ARM.attributes
                0x00000121       0x39 build/Default/production/hal/src/hal_delay.o
 .ARM.attributes
                0x0000015a       0x39 build/Default/production/hal/src/hal_gpio.o
 .ARM.attributes
                0x00000193       0x39 build/Default/production/hal/src/hal_init.o
 .ARM.attributes
                0x000001cc       0x39 build/Default/production/hal/src/hal_io.o
 .ARM.attributes
                0x00000205       0x39 build/Default/production/hal/src/hal_sleep.o
 .ARM.attributes
                0x0000023e       0x39 build/Default/production/hal/src/hal_usart_os.o
 .ARM.attributes
                0x00000277       0x39 build/Default/production/hal/src/hal_i2c_m_os.o
 .ARM.attributes
                0x000002b0       0x39 build/Default/production/hal/src/hal_adc_os.o
 .ARM.attributes
                0x000002e9       0x39 build/Default/production/hal/src/hal_calendar.o
 .ARM.attributes
                0x00000322       0x39 build/Default/production/hal/utils/src/utils_assert.o
 .ARM.attributes
                0x0000035b       0x39 build/Default/production/hal/utils/src/utils_event.o
 .ARM.attributes
                0x00000394       0x39 build/Default/production/hal/utils/src/utils_list.o
 .ARM.attributes
                0x000003cd       0x39 build/Default/production/hal/utils/src/utils_ringbuffer.o
 .ARM.attributes
                0x00000406       0x39 build/Default/production/hal/utils/src/utils_syscalls.o
 .ARM.attributes
                0x0000043f       0x39 build/Default/production/hpl/adc/hpl_adc.o
 .ARM.attributes
                0x00000478       0x39 build/Default/production/hpl/cmcc/hpl_cmcc.o
 .ARM.attributes
                0x000004b1       0x39 build/Default/production/hpl/core/hpl_core_m4.o
 .ARM.attributes
                0x000004ea       0x39 build/Default/production/hpl/core/hpl_init.o
 .ARM.attributes
                0x00000523       0x39 build/Default/production/hpl/dmac/hpl_dmac.o
 .ARM.attributes
                0x0000055c       0x39 build/Default/production/hpl/gclk/hpl_gclk.o
 .ARM.attributes
                0x00000595       0x39 build/Default/production/hpl/mclk/hpl_mclk.o
 .ARM.attributes
                0x000005ce       0x39 build/Default/production/hpl/osc32kctrl/hpl_osc32kctrl.o
 .ARM.attributes
                0x00000607       0x39 build/Default/production/hpl/oscctrl/hpl_oscctrl.o
 .ARM.attributes
                0x00000640       0x39 build/Default/production/hpl/pm/hpl_pm.o
 .ARM.attributes
                0x00000679       0x39 build/Default/production/hpl/ramecc/hpl_ramecc.o
 .ARM.attributes
                0x000006b2       0x39 build/Default/production/hpl/sercom/hpl_sercom.o
 .ARM.attributes
                0x000006eb       0x39 build/Default/production/thirdparty/RTOS/freertos/FreeRTOSV10.0.0/Source/portable/GCC/ARM_CM4F/port.o
 .ARM.attributes
                0x00000724       0x39 build/Default/production/thirdparty/RTOS/freertos/FreeRTOSV10.0.0/Source/portable/MemMang/heap_2.o
 .ARM.attributes
                0x0000075d       0x39 build/Default/production/thirdparty/RTOS/freertos/FreeRTOSV10.0.0/Source/croutine.o
 .ARM.attributes
                0x00000796       0x39 build/Default/production/thirdparty/RTOS/freertos/FreeRTOSV10.0.0/Source/event_groups.o
 .ARM.attributes
                0x000007cf       0x39 build/Default/production/thirdparty/RTOS/freertos/FreeRTOSV10.0.0/Source/list.o
 .ARM.attributes
                0x00000808       0x39 build/Default/production/thirdparty/RTOS/freertos/FreeRTOSV10.0.0/Source/queue.o
 .ARM.attributes
                0x00000841       0x39 build/Default/production/thirdparty/RTOS/freertos/FreeRTOSV10.0.0/Source/stream_buffer.o
 .ARM.attributes
                0x0000087a       0x39 build/Default/production/thirdparty/RTOS/freertos/FreeRTOSV10.0.0/Source/tasks.o
 .ARM.attributes
                0x000008b3       0x39 build/Default/production/thirdparty/RTOS/freertos/FreeRTOSV10.0.0/Source/timers.o
 .ARM.attributes
                0x000008ec       0x39 build/Default/production/thirdparty/RTOS/freertos/FreeRTOSV10.0.0/rtos_port.o
 .ARM.attributes
                0x00000925       0x39 build/Default/production/thirdparty/SEGGER/Config/SEGGER_SYSVIEW_Config_FreeRTOS.o
 .ARM.attributes
                0x0000095e       0x39 build/Default/production/thirdparty/SEGGER/Sample/FreeRTOSV10/SEGGER_SYSVIEW_FreeRTOS.o
 .ARM.attributes
                0x00000997       0x39 build/Default/production/thirdparty/SEGGER/Segger/SEGGER_RTT.o
 .ARM.attributes
                0x000009d0       0x25 build/Default/production/thirdparty/SEGGER/Segger/SEGGER_RTT_ASM_ARMv7M.o
 .ARM.attributes
                0x000009f5       0x39 build/Default/production/thirdparty/SEGGER/Segger/SEGGER_SYSVIEW.o
 .ARM.attributes
                0x00000a2e       0x39 build/Default/production/driver_init.o
 .ARM.attributes
                0x00000a67       0x39 build/Default/production/rtos_start.o
 .ARM.attributes
                0x00000aa0       0x39 build/Default/production/atmel_start.o
 .ARM.attributes
                0x00000ad9       0x39 build/Default/production/cppinit.o
 .ARM.attributes
                0x00000b12       0x39 build/Default/production/ScreenManager.o
 .ARM.attributes
                0x00000b4b       0x39 build/Default/production/ScreenMessages.o
 .ARM.attributes
                0x00000b84       0x39 build/Default/production/StringManipulation.o
 .ARM.attributes
                0x00000bbd       0x39 build/Default/production/Led.o
 .ARM.attributes
                0x00000bf6       0x39 build/Default/production/LedManager.o
 .ARM.attributes
                0x00000c2f       0x39 build/Default/production/TriColorLed.o
 .ARM.attributes
                0x00000c68       0x39 build/Default/production/UIManager.o
 .ARM.attributes
                0x00000ca1       0x39 build/Default/production/TankManager.o
 .ARM.attributes
                0x00000cda       0x39 build/Default/production/Arrays.o
 .ARM.attributes
                0x00000d13       0x39 build/Default/production/e54manageadc.o
 .ARM.attributes
                0x00000d4c       0x39 build/Default/production/TextLCD.o
 .ARM.attributes
                0x00000d85       0x39 build/Default/production/main.o
 .ARM.attributes
                0x00000dbe       0x39 build/Default/production/temperatureCircuit.o
 .ARM.attributes
                0x00000df7       0x39 build/Default/production/CapsenseController.o
 .ARM.attributes
                0x00000e30       0x39 build/Default/production/SystemManager.o
 .ARM.attributes
                0x00000e69       0x39 build/Default/production/DispenseManager.o
 .ARM.attributes
                0x00000ea2       0x39 build/Default/production/CoffeeBeverage.o
 .ARM.attributes
                0x00000edb       0x39 build/Default/production/pwm.o
 .ARM.attributes
                0x00000f14       0x39 build/Default/production/tcc_lite.o
 .ARM.attributes
                0x00000f4d       0x39 build/Default/production/GeneralFaults.o
 .ARM.attributes
                0x00000f86       0x39 build/Default/production/sprintfoverride.o
 .ARM.attributes
                0x00000fbf       0x39 build/Default/production/SlowSoftI2CMaster.o
 .ARM.attributes
                0x00000ff8       0x39 build/Default/production/Warmer.o
 .ARM.attributes
                0x00001031       0x39 build/Default/production/WarmerManager.o
 .ARM.attributes
                0x0000106a       0x39 build/Default/production/StateTouchTest.o
 .ARM.attributes
                0x000010a3       0x39 build/Default/production/StateNormalMode.o
 .ARM.attributes
                0x000010dc       0x39 build/Default/production/hpl_rtc.o
 .ARM.attributes
                0x00001115       0x39 build/Default/production/Calendar.o
 .ARM.attributes
                0x0000114e       0x39 build/Default/production/StateEditDate.o
 .ARM.attributes
                0x00001187       0x39 build/Default/production/StateMenuBrowse.o
 .ARM.attributes
                0x000011c0       0x39 build/Default/production/StateEditTime.o
 .ARM.attributes
                0x000011f9       0x39 build/Default/production/StateSystemStartup.o
 .ARM.attributes
                0x00001232       0x39 build/Default/production/SoftSPI.o
 .ARM.attributes
                0x0000126b       0x39 build/Default/production/SPIFlash.o
 .ARM.attributes
                0x000012a4       0x39 build/Default/production/debugFunctions.o
 .ARM.attributes
                0x000012dd       0x39 build/Default/production/NvParmManager.o
 .ARM.attributes
                0x00001316       0x39 build/Default/production/osDelay.o
 .ARM.attributes
                0x0000134f       0x39 build/Default/production/TeaDispenseManager.o
 .ARM.attributes
                0x00001388       0x39 build/Default/production/StateEditTankTemperature.o
 .ARM.attributes
                0x000013c1       0x39 build/Default/production/StateEditEnergySavings.o
 .ARM.attributes
                0x000013fa       0x39 build/Default/production/EnergySavingsManager.o
 .ARM.attributes
                0x00001433       0x39 build/Default/production/StateEnergySavings.o
 .ARM.attributes
                0x0000146c       0x39 build/Default/production/StateEditTimeFormat.o
 .ARM.attributes
                0x000014a5       0x39 build/Default/production/StateEditCoffeeRecipe.o
 .ARM.attributes
                0x000014de       0x39 build/Default/production/RAMRecipes.o
 .ARM.attributes
                0x00001517       0x39 build/Default/production/StateTeachMode.o
 .ARM.attributes
                0x00001550       0x39 build/Default/production/StateScreenTest.o
 .ARM.attributes
                0x00001589       0x39 build/Default/production/StateShowBrewCounters.o
 .ARM.attributes
                0x000015c2       0x39 build/Default/production/StateEditLowTempNoBrew.o
 .ARM.attributes
                0x000015fb       0x39 build/Default/production/StateResetSystemSettings.o
 .ARM.attributes
                0x00001634       0x39 build/Default/production/StateAutomaticTestMode.o
 .ARM.attributes
                0x0000166d       0x39 build/Default/production/StateViewTemperature.o
 .ARM.attributes
                0x000016a6       0x39 build/Default/production/StateViewWaterLevels.o
 .ARM.attributes
                0x000016df       0x39 build/Default/production/StateStandbyMode.o
 .ARM.attributes
                0x00001718       0x39 build/Default/production/StateFCTMainMenu.o
 .ARM.attributes
                0x00001751       0x39 build/Default/production/StateFCTControlCoffeeOutput.o
 .ARM.attributes
                0x0000178a       0x39 build/Default/production/StateFCTControlTeaOutput.o
 .ARM.attributes
                0x000017c3       0x39 build/Default/production/StateFCTControlTankOutput.o
 .ARM.attributes
                0x000017fc       0x39 build/Default/production/StateFCTControlLEDOutput.o
 .ARM.attributes
                0x00001835       0x39 build/Default/production/StateViewTankInputs.o
 .ARM.attributes
                0x0000186e       0x39 build/Default/production/StateFCTViewReedInputs.o
 .ARM.attributes
                0x000018a7       0x39 build/Default/production/StateFCTViewDipswitch.o
 .ARM.attributes
                0x000018e0       0x39 build/Default/production/StateFCTViewOnBrdUserInputs.o
 .ARM.attributes
                0x00001919       0x39 build/Default/production/StateFCTTouchTest.o
 .ARM.attributes
                0x00001952       0x39 build/Default/production/StateFCTTestSPIFlash.o
 .ARM.attributes
                0x0000198b       0x39 build/Default/production/StateEditBrewDripoutTime.o
 .ARM.attributes
                0x000019c4       0x39 build/Default/production/StateViewPreErrorTempLog.o
 .ARM.attributes
                0x000019fd       0x39 build/Default/production/StateViewPostErrorTempLog.o
 .ARM.attributes
                0x00001a36       0x39 build/Default/production/WtchDog.o
 .ARM.attributes
                0x00001a6f       0x39 build/Default/production/smath.o
 .ARM.attributes
                0x00001aa8       0x39 build/Default/production/StateFCTAllOutputsOnTest.o
 .ARM.attributes
                0x00001ae1       0x34 c:/program files (x86)/microchip/xc32/v2.15/bin/bin/../../lib/gcc/pic32c/6.2.1/../../../../pic32c/lib/v7e-m/fpv4-sp/hard\libm.a(lib_a-w_log.o)
 .ARM.attributes
                0x00001b15       0x34 c:/program files (x86)/microchip/xc32/v2.15/bin/bin/../../lib/gcc/pic32c/6.2.1/../../../../pic32c/lib/v7e-m/fpv4-sp/hard\libm.a(lib_a-w_pow.o)
 .ARM.attributes
                0x00001b49       0x34 c:/program files (x86)/microchip/xc32/v2.15/bin/bin/../../lib/gcc/pic32c/6.2.1/../../../../pic32c/lib/v7e-m/fpv4-sp/hard\libm.a(lib_a-e_log.o)
 .ARM.attributes
                0x00001b7d       0x34 c:/program files (x86)/microchip/xc32/v2.15/bin/bin/../../lib/gcc/pic32c/6.2.1/../../../../pic32c/lib/v7e-m/fpv4-sp/hard\libm.a(lib_a-e_pow.o)
 .ARM.attributes
                0x00001bb1       0x34 c:/program files (x86)/microchip/xc32/v2.15/bin/bin/../../lib/gcc/pic32c/6.2.1/../../../../pic32c/lib/v7e-m/fpv4-sp/hard\libm.a(lib_a-e_sqrt.o)
 .ARM.attributes
                0x00001be5       0x34 c:/program files (x86)/microchip/xc32/v2.15/bin/bin/../../lib/gcc/pic32c/6.2.1/../../../../pic32c/lib/v7e-m/fpv4-sp/hard\libm.a(lib_a-s_fabs.o)
 .ARM.attributes
                0x00001c19       0x34 c:/program files (x86)/microchip/xc32/v2.15/bin/bin/../../lib/gcc/pic32c/6.2.1/../../../../pic32c/lib/v7e-m/fpv4-sp/hard\libm.a(lib_a-s_finite.o)
 .ARM.attributes
                0x00001c4d       0x34 c:/program files (x86)/microchip/xc32/v2.15/bin/bin/../../lib/gcc/pic32c/6.2.1/../../../../pic32c/lib/v7e-m/fpv4-sp/hard\libm.a(lib_a-s_lib_ver.o)
 .ARM.attributes
                0x00001c81       0x34 c:/program files (x86)/microchip/xc32/v2.15/bin/bin/../../lib/gcc/pic32c/6.2.1/../../../../pic32c/lib/v7e-m/fpv4-sp/hard\libm.a(lib_a-s_matherr.o)
 .ARM.attributes
                0x00001cb5       0x34 c:/program files (x86)/microchip/xc32/v2.15/bin/bin/../../lib/gcc/pic32c/6.2.1/../../../../pic32c/lib/v7e-m/fpv4-sp/hard\libm.a(lib_a-s_nan.o)
 .ARM.attributes
                0x00001ce9       0x34 c:/program files (x86)/microchip/xc32/v2.15/bin/bin/../../lib/gcc/pic32c/6.2.1/../../../../pic32c/lib/v7e-m/fpv4-sp/hard\libm.a(lib_a-s_rint.o)
 .ARM.attributes
                0x00001d1d       0x34 c:/program files (x86)/microchip/xc32/v2.15/bin/bin/../../lib/gcc/pic32c/6.2.1/../../../../pic32c/lib/v7e-m/fpv4-sp/hard\libm.a(lib_a-s_scalbn.o)
 .ARM.attributes
                0x00001d51       0x34 c:/program files (x86)/microchip/xc32/v2.15/bin/bin/../../lib/gcc/pic32c/6.2.1/../../../../pic32c/lib/v7e-m/fpv4-sp/hard\libm.a(lib_a-s_copysign.o)
 .ARM.attributes
                0x00001d85       0x39 C:\Users\JOHNSF~1\AppData\Local\Temp\cc8iBJXu.o
 .ARM.attributes
                0x00001dbe       0x34 c:/program files (x86)/microchip/xc32/v2.15/bin/bin/../../lib/gcc/pic32c/6.2.1/../../../../pic32c/lib/v7e-m/fpv4-sp/hard\libpic32c.a(data_init.o)
 .ARM.attributes
                0x00001df2       0x22 c:/program files (x86)/microchip/xc32/v2.15/bin/bin/../../lib/gcc/pic32c/6.2.1/v7e-m/fpv4-sp/hard\libgcc.a(_arm_addsubdf3.o)
 .ARM.attributes
                0x00001e14       0x22 c:/program files (x86)/microchip/xc32/v2.15/bin/bin/../../lib/gcc/pic32c/6.2.1/v7e-m/fpv4-sp/hard\libgcc.a(_arm_muldivdf3.o)
 .ARM.attributes
                0x00001e36       0x22 c:/program files (x86)/microchip/xc32/v2.15/bin/bin/../../lib/gcc/pic32c/6.2.1/v7e-m/fpv4-sp/hard\libgcc.a(_arm_cmpdf2.o)
 .ARM.attributes
                0x00001e58       0x22 c:/program files (x86)/microchip/xc32/v2.15/bin/bin/../../lib/gcc/pic32c/6.2.1/v7e-m/fpv4-sp/hard\libgcc.a(_arm_unorddf2.o)
 .ARM.attributes
                0x00001e7a       0x22 c:/program files (x86)/microchip/xc32/v2.15/bin/bin/../../lib/gcc/pic32c/6.2.1/v7e-m/fpv4-sp/hard\libgcc.a(_arm_fixdfsi.o)
 .ARM.attributes
                0x00001e9c       0x22 c:/program files (x86)/microchip/xc32/v2.15/bin/bin/../../lib/gcc/pic32c/6.2.1/v7e-m/fpv4-sp/hard\libgcc.a(_arm_fixunsdfsi.o)
 .ARM.attributes
                0x00001ebe       0x22 c:/program files (x86)/microchip/xc32/v2.15/bin/bin/../../lib/gcc/pic32c/6.2.1/v7e-m/fpv4-sp/hard\libgcc.a(_arm_truncdfsf2.o)
 .ARM.attributes
                0x00001ee0       0x22 c:/program files (x86)/microchip/xc32/v2.15/bin/bin/../../lib/gcc/pic32c/6.2.1/v7e-m/fpv4-sp/hard\libgcc.a(_arm_addsubsf3.o)
 .ARM.attributes
                0x00001f02       0x22 c:/program files (x86)/microchip/xc32/v2.15/bin/bin/../../lib/gcc/pic32c/6.2.1/v7e-m/fpv4-sp/hard\libgcc.a(_aeabi_uldivmod.o)
 .ARM.attributes
                0x00001f24       0x34 c:/program files (x86)/microchip/xc32/v2.15/bin/bin/../../lib/gcc/pic32c/6.2.1/v7e-m/fpv4-sp/hard\libgcc.a(_udivmoddi4.o)
 .ARM.attributes
                0x00001f58       0x34 c:/program files (x86)/microchip/xc32/v2.15/bin/bin/../../lib/gcc/pic32c/6.2.1/v7e-m/fpv4-sp/hard\libgcc.a(unwind-arm.o)
 .ARM.attributes
                0x00001f8c       0x22 c:/program files (x86)/microchip/xc32/v2.15/bin/bin/../../lib/gcc/pic32c/6.2.1/v7e-m/fpv4-sp/hard\libgcc.a(libunwind.o)
 .ARM.attributes
                0x00001fae       0x34 c:/program files (x86)/microchip/xc32/v2.15/bin/bin/../../lib/gcc/pic32c/6.2.1/v7e-m/fpv4-sp/hard\libgcc.a(pr-support.o)
 .ARM.attributes
                0x00001fe2       0x22 c:/program files (x86)/microchip/xc32/v2.15/bin/bin/../../lib/gcc/pic32c/6.2.1/v7e-m/fpv4-sp/hard\libgcc.a(_dvmd_tls.o)
 .ARM.attributes
                0x00002004       0x34 c:/program files (x86)/microchip/xc32/v2.15/bin/bin/../../lib/gcc/pic32c/6.2.1/../../../../pic32c/lib/v7e-m/fpv4-sp/hard\libc.a(lib_a-abort.o)
 .ARM.attributes
                0x00002038       0x34 c:/program files (x86)/microchip/xc32/v2.15/bin/bin/../../lib/gcc/pic32c/6.2.1/../../../../pic32c/lib/v7e-m/fpv4-sp/hard\libc.a(lib_a-assert.o)
 .ARM.attributes
                0x0000206c       0x34 c:/program files (x86)/microchip/xc32/v2.15/bin/bin/../../lib/gcc/pic32c/6.2.1/../../../../pic32c/lib/v7e-m/fpv4-sp/hard\libc.a(lib_a-errno.o)
 .ARM.attributes
                0x000020a0       0x34 c:/program files (x86)/microchip/xc32/v2.15/bin/bin/../../lib/gcc/pic32c/6.2.1/../../../../pic32c/lib/v7e-m/fpv4-sp/hard\libc.a(lib_a-exit.o)
 .ARM.attributes
                0x000020d4       0x34 c:/program files (x86)/microchip/xc32/v2.15/bin/bin/../../lib/gcc/pic32c/6.2.1/../../../../pic32c/lib/v7e-m/fpv4-sp/hard\libc.a(lib_a-fiprintf.o)
 .ARM.attributes
                0x00002108       0x34 c:/program files (x86)/microchip/xc32/v2.15/bin/bin/../../lib/gcc/pic32c/6.2.1/../../../../pic32c/lib/v7e-m/fpv4-sp/hard\libc.a(lib_a-impure.o)
 .ARM.attributes
                0x0000213c       0x34 c:/program files (x86)/microchip/xc32/v2.15/bin/bin/../../lib/gcc/pic32c/6.2.1/../../../../pic32c/lib/v7e-m/fpv4-sp/hard\libc.a(lib_a-init.o)
 .ARM.attributes
                0x00002170       0x34 c:/program files (x86)/microchip/xc32/v2.15/bin/bin/../../lib/gcc/pic32c/6.2.1/../../../../pic32c/lib/v7e-m/fpv4-sp/hard\libc.a(lib_a-memcmp.o)
 .ARM.attributes
                0x000021a4       0x20 c:/program files (x86)/microchip/xc32/v2.15/bin/bin/../../lib/gcc/pic32c/6.2.1/../../../../pic32c/lib/v7e-m/fpv4-sp/hard\libc.a(lib_a-memcpy.o)
 .ARM.attributes
                0x000021c4       0x34 c:/program files (x86)/microchip/xc32/v2.15/bin/bin/../../lib/gcc/pic32c/6.2.1/../../../../pic32c/lib/v7e-m/fpv4-sp/hard\libc.a(lib_a-memset.o)
 .ARM.attributes
                0x000021f8       0x34 c:/program files (x86)/microchip/xc32/v2.15/bin/bin/../../lib/gcc/pic32c/6.2.1/../../../../pic32c/lib/v7e-m/fpv4-sp/hard\libc.a(lib_a-printf.o)
 .ARM.attributes
                0x0000222c       0x34 c:/program files (x86)/microchip/xc32/v2.15/bin/bin/../../lib/gcc/pic32c/6.2.1/../../../../pic32c/lib/v7e-m/fpv4-sp/hard\libc.a(lib_a-signal.o)
 .ARM.attributes
                0x00002260       0x34 c:/program files (x86)/microchip/xc32/v2.15/bin/bin/../../lib/gcc/pic32c/6.2.1/../../../../pic32c/lib/v7e-m/fpv4-sp/hard\libc.a(lib_a-signalr.o)
 .ARM.attributes
                0x00002294       0x34 c:/program files (x86)/microchip/xc32/v2.15/bin/bin/../../lib/gcc/pic32c/6.2.1/../../../../pic32c/lib/v7e-m/fpv4-sp/hard\libc.a(lib_a-snprintf.o)
 .ARM.attributes
                0x000022c8       0x34 c:/program files (x86)/microchip/xc32/v2.15/bin/bin/../../lib/gcc/pic32c/6.2.1/../../../../pic32c/lib/v7e-m/fpv4-sp/hard\libc.a(lib_a-strcpy.o)
 .ARM.attributes
                0x000022fc       0x20 c:/program files (x86)/microchip/xc32/v2.15/bin/bin/../../lib/gcc/pic32c/6.2.1/../../../../pic32c/lib/v7e-m/fpv4-sp/hard\libc.a(lib_a-strlen.o)
 .ARM.attributes
                0x0000231c       0x34 c:/program files (x86)/microchip/xc32/v2.15/bin/bin/../../lib/gcc/pic32c/6.2.1/../../../../pic32c/lib/v7e-m/fpv4-sp/hard\libc.a(lib_a-svfprintf.o)
 .ARM.attributes
                0x00002350       0x34 c:/program files (x86)/microchip/xc32/v2.15/bin/bin/../../lib/gcc/pic32c/6.2.1/../../../../pic32c/lib/v7e-m/fpv4-sp/hard\libc.a(lib_a-vfiprintf.o)
 .ARM.attributes
                0x00002384       0x34 c:/program files (x86)/microchip/xc32/v2.15/bin/bin/../../lib/gcc/pic32c/6.2.1/../../../../pic32c/lib/v7e-m/fpv4-sp/hard\libc.a(lib_a-vfprintf.o)
 .ARM.attributes
                0x000023b8       0x34 c:/program files (x86)/microchip/xc32/v2.15/bin/bin/../../lib/gcc/pic32c/6.2.1/../../../../pic32c/lib/v7e-m/fpv4-sp/hard\libc.a(lib_a-wsetup.o)
 .ARM.attributes
                0x000023ec       0x34 c:/program files (x86)/microchip/xc32/v2.15/bin/bin/../../lib/gcc/pic32c/6.2.1/../../../../pic32c/lib/v7e-m/fpv4-sp/hard\libc.a(lib_a-__call_atexit.o)
 .ARM.attributes
                0x00002420       0x34 c:/program files (x86)/microchip/xc32/v2.15/bin/bin/../../lib/gcc/pic32c/6.2.1/../../../../pic32c/lib/v7e-m/fpv4-sp/hard\libc.a(lib_a-atexit.o)
 .ARM.attributes
                0x00002454       0x34 c:/program files (x86)/microchip/xc32/v2.15/bin/bin/../../lib/gcc/pic32c/6.2.1/../../../../pic32c/lib/v7e-m/fpv4-sp/hard\libc.a(lib_a-dtoa.o)
 .ARM.attributes
                0x00002488       0x34 c:/program files (x86)/microchip/xc32/v2.15/bin/bin/../../lib/gcc/pic32c/6.2.1/../../../../pic32c/lib/v7e-m/fpv4-sp/hard\libc.a(lib_a-fflush.o)
 .ARM.attributes
                0x000024bc       0x34 c:/program files (x86)/microchip/xc32/v2.15/bin/bin/../../lib/gcc/pic32c/6.2.1/../../../../pic32c/lib/v7e-m/fpv4-sp/hard\libc.a(lib_a-findfp.o)
 .ARM.attributes
                0x000024f0       0x34 c:/program files (x86)/microchip/xc32/v2.15/bin/bin/../../lib/gcc/pic32c/6.2.1/../../../../pic32c/lib/v7e-m/fpv4-sp/hard\libc.a(lib_a-fini.o)
 .ARM.attributes
                0x00002524       0x34 c:/program files (x86)/microchip/xc32/v2.15/bin/bin/../../lib/gcc/pic32c/6.2.1/../../../../pic32c/lib/v7e-m/fpv4-sp/hard\libc.a(lib_a-fputwc.o)
 .ARM.attributes
                0x00002558       0x34 c:/program files (x86)/microchip/xc32/v2.15/bin/bin/../../lib/gcc/pic32c/6.2.1/../../../../pic32c/lib/v7e-m/fpv4-sp/hard\libc.a(lib_a-freer.o)
 .ARM.attributes
                0x0000258c       0x34 c:/program files (x86)/microchip/xc32/v2.15/bin/bin/../../lib/gcc/pic32c/6.2.1/../../../../pic32c/lib/v7e-m/fpv4-sp/hard\libc.a(lib_a-fvwrite.o)
 .ARM.attributes
                0x000025c0       0x34 c:/program files (x86)/microchip/xc32/v2.15/bin/bin/../../lib/gcc/pic32c/6.2.1/../../../../pic32c/lib/v7e-m/fpv4-sp/hard\libc.a(lib_a-fwalk.o)
 .ARM.attributes
                0x000025f4       0x34 c:/program files (x86)/microchip/xc32/v2.15/bin/bin/../../lib/gcc/pic32c/6.2.1/../../../../pic32c/lib/v7e-m/fpv4-sp/hard\libc.a(lib_a-locale.o)
 .ARM.attributes
                0x00002628       0x34 c:/program files (x86)/microchip/xc32/v2.15/bin/bin/../../lib/gcc/pic32c/6.2.1/../../../../pic32c/lib/v7e-m/fpv4-sp/hard\libc.a(lib_a-localeconv.o)
 .ARM.attributes
                0x0000265c       0x34 c:/program files (x86)/microchip/xc32/v2.15/bin/bin/../../lib/gcc/pic32c/6.2.1/../../../../pic32c/lib/v7e-m/fpv4-sp/hard\libc.a(lib_a-makebuf.o)
 .ARM.attributes
                0x00002690       0x34 c:/program files (x86)/microchip/xc32/v2.15/bin/bin/../../lib/gcc/pic32c/6.2.1/../../../../pic32c/lib/v7e-m/fpv4-sp/hard\libc.a(lib_a-mallocr.o)
 .ARM.attributes
                0x000026c4       0x34 c:/program files (x86)/microchip/xc32/v2.15/bin/bin/../../lib/gcc/pic32c/6.2.1/../../../../pic32c/lib/v7e-m/fpv4-sp/hard\libc.a(lib_a-mbtowc_r.o)
 .ARM.attributes
                0x000026f8       0x20 c:/program files (x86)/microchip/xc32/v2.15/bin/bin/../../lib/gcc/pic32c/6.2.1/../../../../pic32c/lib/v7e-m/fpv4-sp/hard\libc.a(lib_a-memchr.o)
 .ARM.attributes
                0x00002718       0x34 c:/program files (x86)/microchip/xc32/v2.15/bin/bin/../../lib/gcc/pic32c/6.2.1/../../../../pic32c/lib/v7e-m/fpv4-sp/hard\libc.a(lib_a-memmove.o)
 .ARM.attributes
                0x0000274c       0x34 c:/program files (x86)/microchip/xc32/v2.15/bin/bin/../../lib/gcc/pic32c/6.2.1/../../../../pic32c/lib/v7e-m/fpv4-sp/hard\libc.a(lib_a-mlock.o)
 .ARM.attributes
                0x00002780       0x34 c:/program files (x86)/microchip/xc32/v2.15/bin/bin/../../lib/gcc/pic32c/6.2.1/../../../../pic32c/lib/v7e-m/fpv4-sp/hard\libc.a(lib_a-mprec.o)
 .ARM.attributes
                0x000027b4       0x34 c:/program files (x86)/microchip/xc32/v2.15/bin/bin/../../lib/gcc/pic32c/6.2.1/../../../../pic32c/lib/v7e-m/fpv4-sp/hard\libc.a(lib_a-reallocr.o)
 .ARM.attributes
                0x000027e8       0x34 c:/program files (x86)/microchip/xc32/v2.15/bin/bin/../../lib/gcc/pic32c/6.2.1/../../../../pic32c/lib/v7e-m/fpv4-sp/hard\libc.a(lib_a-reent.o)
 .ARM.attributes
                0x0000281c       0x34 c:/program files (x86)/microchip/xc32/v2.15/bin/bin/../../lib/gcc/pic32c/6.2.1/../../../../pic32c/lib/v7e-m/fpv4-sp/hard\libc.a(lib_a-s_frexp.o)
 .ARM.attributes
                0x00002850       0x34 c:/program files (x86)/microchip/xc32/v2.15/bin/bin/../../lib/gcc/pic32c/6.2.1/../../../../pic32c/lib/v7e-m/fpv4-sp/hard\libc.a(lib_a-sbrkr.o)
 .ARM.attributes
                0x00002884       0x34 c:/program files (x86)/microchip/xc32/v2.15/bin/bin/../../lib/gcc/pic32c/6.2.1/../../../../pic32c/lib/v7e-m/fpv4-sp/hard\libc.a(lib_a-stdio.o)
 .ARM.attributes
                0x000028b8       0x20 c:/program files (x86)/microchip/xc32/v2.15/bin/bin/../../lib/gcc/pic32c/6.2.1/../../../../pic32c/lib/v7e-m/fpv4-sp/hard\libc.a(lib_a-strcmp.o)
 .ARM.attributes
                0x000028d8       0x34 c:/program files (x86)/microchip/xc32/v2.15/bin/bin/../../lib/gcc/pic32c/6.2.1/../../../../pic32c/lib/v7e-m/fpv4-sp/hard\libc.a(lib_a-strncpy.o)
 .ARM.attributes
                0x0000290c       0x34 c:/program files (x86)/microchip/xc32/v2.15/bin/bin/../../lib/gcc/pic32c/6.2.1/../../../../pic32c/lib/v7e-m/fpv4-sp/hard\libc.a(lib_a-svfiprintf.o)
 .ARM.attributes
                0x00002940       0x34 c:/program files (x86)/microchip/xc32/v2.15/bin/bin/../../lib/gcc/pic32c/6.2.1/../../../../pic32c/lib/v7e-m/fpv4-sp/hard\libc.a(lib_a-wbuf.o)
 .ARM.attributes
                0x00002974       0x34 c:/program files (x86)/microchip/xc32/v2.15/bin/bin/../../lib/gcc/pic32c/6.2.1/../../../../pic32c/lib/v7e-m/fpv4-sp/hard\libc.a(lib_a-wcrtomb.o)
 .ARM.attributes
                0x000029a8       0x34 c:/program files (x86)/microchip/xc32/v2.15/bin/bin/../../lib/gcc/pic32c/6.2.1/../../../../pic32c/lib/v7e-m/fpv4-sp/hard\libc.a(lib_a-wctomb_r.o)
 .ARM.attributes
                0x000029dc       0x34 c:/program files (x86)/microchip/xc32/v2.15/bin/bin/../../lib/gcc/pic32c/6.2.1/../../../../pic32c/lib/v7e-m/fpv4-sp/hard\libc.a(lib_a-writer.o)
 .ARM.attributes
                0x00002a10       0x34 c:/program files (x86)/microchip/xc32/v2.15/bin/bin/../../lib/gcc/pic32c/6.2.1/../../../../pic32c/lib/v7e-m/fpv4-sp/hard\libc.a(lib_a-__atexit.o)
 .ARM.attributes
                0x00002a44       0x34 c:/program files (x86)/microchip/xc32/v2.15/bin/bin/../../lib/gcc/pic32c/6.2.1/../../../../pic32c/lib/v7e-m/fpv4-sp/hard\libc.a(lib_a-callocr.o)
 .ARM.attributes
                0x00002a78       0x34 c:/program files (x86)/microchip/xc32/v2.15/bin/bin/../../lib/gcc/pic32c/6.2.1/../../../../pic32c/lib/v7e-m/fpv4-sp/hard\libc.a(lib_a-closer.o)
 .ARM.attributes
                0x00002aac       0x34 c:/program files (x86)/microchip/xc32/v2.15/bin/bin/../../lib/gcc/pic32c/6.2.1/../../../../pic32c/lib/v7e-m/fpv4-sp/hard\libc.a(lib_a-ctype_.o)
 .ARM.attributes
                0x00002ae0       0x34 c:/program files (x86)/microchip/xc32/v2.15/bin/bin/../../lib/gcc/pic32c/6.2.1/../../../../pic32c/lib/v7e-m/fpv4-sp/hard\libc.a(lib_a-fclose.o)
 .ARM.attributes
                0x00002b14       0x34 c:/program files (x86)/microchip/xc32/v2.15/bin/bin/../../lib/gcc/pic32c/6.2.1/../../../../pic32c/lib/v7e-m/fpv4-sp/hard\libc.a(lib_a-fstatr.o)
 .ARM.attributes
                0x00002b48       0x34 c:/program files (x86)/microchip/xc32/v2.15/bin/bin/../../lib/gcc/pic32c/6.2.1/../../../../pic32c/lib/v7e-m/fpv4-sp/hard\libc.a(lib_a-isattyr.o)
 .ARM.attributes
                0x00002b7c       0x34 c:/program files (x86)/microchip/xc32/v2.15/bin/bin/../../lib/gcc/pic32c/6.2.1/../../../../pic32c/lib/v7e-m/fpv4-sp/hard\libc.a(lib_a-lseekr.o)
 .ARM.attributes
                0x00002bb0       0x34 c:/program files (x86)/microchip/xc32/v2.15/bin/bin/../../lib/gcc/pic32c/6.2.1/../../../../pic32c/lib/v7e-m/fpv4-sp/hard\libc.a(lib_a-readr.o)
 .ARM.attributes
                0x00002be4       0x34 c:/program files (x86)/microchip/xc32/v2.15/bin/bin/../../lib/gcc/pic32c/6.2.1/../../../../pic32c/lib/v7e-m/fpv4-sp/hard\libpic32c.a(read.o)
 .ARM.attributes
                0x00002c18       0x34 c:/program files (x86)/microchip/xc32/v2.15/bin/bin/../../lib/gcc/pic32c/6.2.1/../../../../pic32c/lib/v7e-m/fpv4-sp/hard\libpic32c.a(write.o)
 .ARM.attributes
                0x00002c4c       0x34 c:/program files (x86)/microchip/xc32/v2.15/bin/bin/../../lib/gcc/pic32c/6.2.1/../../../../pic32c/lib/v7e-m/fpv4-sp/hard\libpic32c.a(_mon_getc.o)
 .ARM.attributes
                0x00002c80       0x34 c:/program files (x86)/microchip/xc32/v2.15/bin/bin/../../lib/gcc/pic32c/6.2.1/../../../../pic32c/lib/v7e-m/fpv4-sp/hard\libpic32c.a(_mon_putc.o)
 .ARM.attributes
                0x00002cb4       0x34 c:/program files (x86)/microchip/xc32/v2.15/bin/bin/../../lib/gcc/pic32c/6.2.1/v7e-m/fpv4-sp/hard/crtend.o
 .ARM.attributes
                0x00002ce8       0x22 c:/program files (x86)/microchip/xc32/v2.15/bin/bin/../../lib/gcc/pic32c/6.2.1/v7e-m/fpv4-sp/hard/crtn.o

.comment        0x00000000       0x3c
 .comment       0x00000000       0x3c c:/program files (x86)/microchip/xc32/v2.15/bin/bin/../../lib/gcc/pic32c/6.2.1/v7e-m/fpv4-sp/hard/crtbegin.o
                                 0x3d (size before relaxing)
 .comment       0x0000003c       0x3d build/Default/production/gcc/system_same54.o
 .comment       0x0000003c       0x3d build/Default/production/hal/src/hal_atomic.o
 .comment       0x0000003c       0x3d build/Default/production/hal/src/hal_cache.o
 .comment       0x0000003c       0x3d build/Default/production/hal/src/hal_delay.o
 .comment       0x0000003c       0x3d build/Default/production/hal/src/hal_gpio.o
 .comment       0x0000003c       0x3d build/Default/production/hal/src/hal_init.o
 .comment       0x0000003c       0x3d build/Default/production/hal/src/hal_io.o
 .comment       0x0000003c       0x3d build/Default/production/hal/src/hal_sleep.o
 .comment       0x0000003c       0x3d build/Default/production/hal/src/hal_usart_os.o
 .comment       0x0000003c       0x3d build/Default/production/hal/src/hal_i2c_m_os.o
 .comment       0x0000003c       0x3d build/Default/production/hal/src/hal_adc_os.o
 .comment       0x0000003c       0x3d build/Default/production/hal/src/hal_calendar.o
 .comment       0x0000003c       0x3d build/Default/production/hal/utils/src/utils_assert.o
 .comment       0x0000003c       0x3d build/Default/production/hal/utils/src/utils_event.o
 .comment       0x0000003c       0x3d build/Default/production/hal/utils/src/utils_list.o
 .comment       0x0000003c       0x3d build/Default/production/hal/utils/src/utils_ringbuffer.o
 .comment       0x0000003c       0x3d build/Default/production/hal/utils/src/utils_syscalls.o
 .comment       0x0000003c       0x3d build/Default/production/hpl/adc/hpl_adc.o
 .comment       0x0000003c       0x3d build/Default/production/hpl/cmcc/hpl_cmcc.o
 .comment       0x0000003c       0x3d build/Default/production/hpl/core/hpl_core_m4.o
 .comment       0x0000003c       0x3d build/Default/production/hpl/core/hpl_init.o
 .comment       0x0000003c       0x3d build/Default/production/hpl/dmac/hpl_dmac.o
 .comment       0x0000003c       0x3d build/Default/production/hpl/gclk/hpl_gclk.o
 .comment       0x0000003c       0x3d build/Default/production/hpl/mclk/hpl_mclk.o
 .comment       0x0000003c       0x3d build/Default/production/hpl/osc32kctrl/hpl_osc32kctrl.o
 .comment       0x0000003c       0x3d build/Default/production/hpl/oscctrl/hpl_oscctrl.o
 .comment       0x0000003c       0x3d build/Default/production/hpl/pm/hpl_pm.o
 .comment       0x0000003c       0x3d build/Default/production/hpl/ramecc/hpl_ramecc.o
 .comment       0x0000003c       0x3d build/Default/production/hpl/sercom/hpl_sercom.o
 .comment       0x0000003c       0x3d build/Default/production/thirdparty/RTOS/freertos/FreeRTOSV10.0.0/Source/portable/GCC/ARM_CM4F/port.o
 .comment       0x0000003c       0x3d build/Default/production/thirdparty/RTOS/freertos/FreeRTOSV10.0.0/Source/portable/MemMang/heap_2.o
 .comment       0x0000003c       0x3d build/Default/production/thirdparty/RTOS/freertos/FreeRTOSV10.0.0/Source/croutine.o
 .comment       0x0000003c       0x3d build/Default/production/thirdparty/RTOS/freertos/FreeRTOSV10.0.0/Source/event_groups.o
 .comment       0x0000003c       0x3d build/Default/production/thirdparty/RTOS/freertos/FreeRTOSV10.0.0/Source/list.o
 .comment       0x0000003c       0x3d build/Default/production/thirdparty/RTOS/freertos/FreeRTOSV10.0.0/Source/queue.o
 .comment       0x0000003c       0x3d build/Default/production/thirdparty/RTOS/freertos/FreeRTOSV10.0.0/Source/stream_buffer.o
 .comment       0x0000003c       0x3d build/Default/production/thirdparty/RTOS/freertos/FreeRTOSV10.0.0/Source/tasks.o
 .comment       0x0000003c       0x3d build/Default/production/thirdparty/RTOS/freertos/FreeRTOSV10.0.0/Source/timers.o
 .comment       0x0000003c       0x3d build/Default/production/thirdparty/RTOS/freertos/FreeRTOSV10.0.0/rtos_port.o
 .comment       0x0000003c       0x3d build/Default/production/thirdparty/SEGGER/Config/SEGGER_SYSVIEW_Config_FreeRTOS.o
 .comment       0x0000003c       0x3d build/Default/production/thirdparty/SEGGER/Sample/FreeRTOSV10/SEGGER_SYSVIEW_FreeRTOS.o
 .comment       0x0000003c       0x3d build/Default/production/thirdparty/SEGGER/Segger/SEGGER_RTT.o
 .comment       0x0000003c       0x3d build/Default/production/thirdparty/SEGGER/Segger/SEGGER_SYSVIEW.o
 .comment       0x0000003c       0x3d build/Default/production/driver_init.o
 .comment       0x0000003c       0x3d build/Default/production/rtos_start.o
 .comment       0x0000003c       0x3d build/Default/production/atmel_start.o
 .comment       0x0000003c       0x3d build/Default/production/cppinit.o
 .comment       0x0000003c       0x3d build/Default/production/ScreenManager.o
 .comment       0x0000003c       0x3d build/Default/production/ScreenMessages.o
 .comment       0x0000003c       0x3d build/Default/production/StringManipulation.o
 .comment       0x0000003c       0x3d build/Default/production/Led.o
 .comment       0x0000003c       0x3d build/Default/production/LedManager.o
 .comment       0x0000003c       0x3d build/Default/production/TriColorLed.o
 .comment       0x0000003c       0x3d build/Default/production/UIManager.o
 .comment       0x0000003c       0x3d build/Default/production/TankManager.o
 .comment       0x0000003c       0x3d build/Default/production/Arrays.o
 .comment       0x0000003c       0x3d build/Default/production/e54manageadc.o
 .comment       0x0000003c       0x3d build/Default/production/TextLCD.o
 .comment       0x0000003c       0x3d build/Default/production/main.o
 .comment       0x0000003c       0x3d build/Default/production/temperatureCircuit.o
 .comment       0x0000003c       0x3d build/Default/production/CapsenseController.o
 .comment       0x0000003c       0x3d build/Default/production/SystemManager.o
 .comment       0x0000003c       0x3d build/Default/production/DispenseManager.o
 .comment       0x0000003c       0x3d build/Default/production/CoffeeBeverage.o
 .comment       0x0000003c       0x3d build/Default/production/pwm.o
 .comment       0x0000003c       0x3d build/Default/production/tcc_lite.o
 .comment       0x0000003c       0x3d build/Default/production/GeneralFaults.o
 .comment       0x0000003c       0x3d build/Default/production/sprintfoverride.o
 .comment       0x0000003c       0x3d build/Default/production/SlowSoftI2CMaster.o
 .comment       0x0000003c       0x3d build/Default/production/Warmer.o
 .comment       0x0000003c       0x3d build/Default/production/WarmerManager.o
 .comment       0x0000003c       0x3d build/Default/production/StateTouchTest.o
 .comment       0x0000003c       0x3d build/Default/production/StateNormalMode.o
 .comment       0x0000003c       0x3d build/Default/production/hpl_rtc.o
 .comment       0x0000003c       0x3d build/Default/production/Calendar.o
 .comment       0x0000003c       0x3d build/Default/production/StateEditDate.o
 .comment       0x0000003c       0x3d build/Default/production/StateMenuBrowse.o
 .comment       0x0000003c       0x3d build/Default/production/StateEditTime.o
 .comment       0x0000003c       0x3d build/Default/production/StateSystemStartup.o
 .comment       0x0000003c       0x3d build/Default/production/SoftSPI.o
 .comment       0x0000003c       0x3d build/Default/production/SPIFlash.o
 .comment       0x0000003c       0x3d build/Default/production/debugFunctions.o
 .comment       0x0000003c       0x3d build/Default/production/NvParmManager.o
 .comment       0x0000003c       0x3d build/Default/production/osDelay.o
 .comment       0x0000003c       0x3d build/Default/production/TeaDispenseManager.o
 .comment       0x0000003c       0x3d build/Default/production/StateEditTankTemperature.o
 .comment       0x0000003c       0x3d build/Default/production/StateEditEnergySavings.o
 .comment       0x0000003c       0x3d build/Default/production/EnergySavingsManager.o
 .comment       0x0000003c       0x3d build/Default/production/StateEnergySavings.o
 .comment       0x0000003c       0x3d build/Default/production/StateEditTimeFormat.o
 .comment       0x0000003c       0x3d build/Default/production/StateEditCoffeeRecipe.o
 .comment       0x0000003c       0x3d build/Default/production/RAMRecipes.o
 .comment       0x0000003c       0x3d build/Default/production/StateTeachMode.o
 .comment       0x0000003c       0x3d build/Default/production/StateScreenTest.o
 .comment       0x0000003c       0x3d build/Default/production/StateShowBrewCounters.o
 .comment       0x0000003c       0x3d build/Default/production/StateEditLowTempNoBrew.o
 .comment       0x0000003c       0x3d build/Default/production/StateResetSystemSettings.o
 .comment       0x0000003c       0x3d build/Default/production/StateAutomaticTestMode.o
 .comment       0x0000003c       0x3d build/Default/production/StateViewTemperature.o
 .comment       0x0000003c       0x3d build/Default/production/StateViewWaterLevels.o
 .comment       0x0000003c       0x3d build/Default/production/StateStandbyMode.o
 .comment       0x0000003c       0x3d build/Default/production/StateFCTMainMenu.o
 .comment       0x0000003c       0x3d build/Default/production/StateFCTControlCoffeeOutput.o
 .comment       0x0000003c       0x3d build/Default/production/StateFCTControlTeaOutput.o
 .comment       0x0000003c       0x3d build/Default/production/StateFCTControlTankOutput.o
 .comment       0x0000003c       0x3d build/Default/production/StateFCTControlLEDOutput.o
 .comment       0x0000003c       0x3d build/Default/production/StateViewTankInputs.o
 .comment       0x0000003c       0x3d build/Default/production/StateFCTViewReedInputs.o
 .comment       0x0000003c       0x3d build/Default/production/StateFCTViewDipswitch.o
 .comment       0x0000003c       0x3d build/Default/production/StateFCTViewOnBrdUserInputs.o
 .comment       0x0000003c       0x3d build/Default/production/StateFCTTouchTest.o
 .comment       0x0000003c       0x3d build/Default/production/StateFCTTestSPIFlash.o
 .comment       0x0000003c       0x3d build/Default/production/StateEditBrewDripoutTime.o
 .comment       0x0000003c       0x3d build/Default/production/StateViewPreErrorTempLog.o
 .comment       0x0000003c       0x3d build/Default/production/StateViewPostErrorTempLog.o
 .comment       0x0000003c       0x3d build/Default/production/WtchDog.o
 .comment       0x0000003c       0x3d build/Default/production/smath.o
 .comment       0x0000003c       0x3d build/Default/production/StateFCTAllOutputsOnTest.o
 .comment       0x0000003c       0x3d c:/program files (x86)/microchip/xc32/v2.15/bin/bin/../../lib/gcc/pic32c/6.2.1/../../../../pic32c/lib/v7e-m/fpv4-sp/hard\libm.a(lib_a-w_log.o)
 .comment       0x0000003c       0x3d c:/program files (x86)/microchip/xc32/v2.15/bin/bin/../../lib/gcc/pic32c/6.2.1/../../../../pic32c/lib/v7e-m/fpv4-sp/hard\libm.a(lib_a-w_pow.o)
 .comment       0x0000003c       0x3d c:/program files (x86)/microchip/xc32/v2.15/bin/bin/../../lib/gcc/pic32c/6.2.1/../../../../pic32c/lib/v7e-m/fpv4-sp/hard\libm.a(lib_a-e_log.o)
 .comment       0x0000003c       0x3d c:/program files (x86)/microchip/xc32/v2.15/bin/bin/../../lib/gcc/pic32c/6.2.1/../../../../pic32c/lib/v7e-m/fpv4-sp/hard\libm.a(lib_a-e_pow.o)
 .comment       0x0000003c       0x3d c:/program files (x86)/microchip/xc32/v2.15/bin/bin/../../lib/gcc/pic32c/6.2.1/../../../../pic32c/lib/v7e-m/fpv4-sp/hard\libm.a(lib_a-e_sqrt.o)
 .comment       0x0000003c       0x3d c:/program files (x86)/microchip/xc32/v2.15/bin/bin/../../lib/gcc/pic32c/6.2.1/../../../../pic32c/lib/v7e-m/fpv4-sp/hard\libm.a(lib_a-s_fabs.o)
 .comment       0x0000003c       0x3d c:/program files (x86)/microchip/xc32/v2.15/bin/bin/../../lib/gcc/pic32c/6.2.1/../../../../pic32c/lib/v7e-m/fpv4-sp/hard\libm.a(lib_a-s_finite.o)
 .comment       0x0000003c       0x3d c:/program files (x86)/microchip/xc32/v2.15/bin/bin/../../lib/gcc/pic32c/6.2.1/../../../../pic32c/lib/v7e-m/fpv4-sp/hard\libm.a(lib_a-s_lib_ver.o)
 .comment       0x0000003c       0x3d c:/program files (x86)/microchip/xc32/v2.15/bin/bin/../../lib/gcc/pic32c/6.2.1/../../../../pic32c/lib/v7e-m/fpv4-sp/hard\libm.a(lib_a-s_matherr.o)
 .comment       0x0000003c       0x3d c:/program files (x86)/microchip/xc32/v2.15/bin/bin/../../lib/gcc/pic32c/6.2.1/../../../../pic32c/lib/v7e-m/fpv4-sp/hard\libm.a(lib_a-s_nan.o)
 .comment       0x0000003c       0x3d c:/program files (x86)/microchip/xc32/v2.15/bin/bin/../../lib/gcc/pic32c/6.2.1/../../../../pic32c/lib/v7e-m/fpv4-sp/hard\libm.a(lib_a-s_rint.o)
 .comment       0x0000003c       0x3d c:/program files (x86)/microchip/xc32/v2.15/bin/bin/../../lib/gcc/pic32c/6.2.1/../../../../pic32c/lib/v7e-m/fpv4-sp/hard\libm.a(lib_a-s_scalbn.o)
 .comment       0x0000003c       0x3d c:/program files (x86)/microchip/xc32/v2.15/bin/bin/../../lib/gcc/pic32c/6.2.1/../../../../pic32c/lib/v7e-m/fpv4-sp/hard\libm.a(lib_a-s_copysign.o)
 .comment       0x0000003c       0x3d C:\Users\JOHNSF~1\AppData\Local\Temp\cc8iBJXu.o
 .comment       0x0000003c       0x3d c:/program files (x86)/microchip/xc32/v2.15/bin/bin/../../lib/gcc/pic32c/6.2.1/../../../../pic32c/lib/v7e-m/fpv4-sp/hard\libpic32c.a(data_init.o)
 .comment       0x0000003c       0x3d c:/program files (x86)/microchip/xc32/v2.15/bin/bin/../../lib/gcc/pic32c/6.2.1/v7e-m/fpv4-sp/hard\libgcc.a(_udivmoddi4.o)
 .comment       0x0000003c       0x3d c:/program files (x86)/microchip/xc32/v2.15/bin/bin/../../lib/gcc/pic32c/6.2.1/v7e-m/fpv4-sp/hard\libgcc.a(unwind-arm.o)
 .comment       0x0000003c       0x3d c:/program files (x86)/microchip/xc32/v2.15/bin/bin/../../lib/gcc/pic32c/6.2.1/v7e-m/fpv4-sp/hard\libgcc.a(pr-support.o)
 .comment       0x0000003c       0x3d c:/program files (x86)/microchip/xc32/v2.15/bin/bin/../../lib/gcc/pic32c/6.2.1/../../../../pic32c/lib/v7e-m/fpv4-sp/hard\libc.a(lib_a-abort.o)
 .comment       0x0000003c       0x3d c:/program files (x86)/microchip/xc32/v2.15/bin/bin/../../lib/gcc/pic32c/6.2.1/../../../../pic32c/lib/v7e-m/fpv4-sp/hard\libc.a(lib_a-assert.o)
 .comment       0x0000003c       0x3d c:/program files (x86)/microchip/xc32/v2.15/bin/bin/../../lib/gcc/pic32c/6.2.1/../../../../pic32c/lib/v7e-m/fpv4-sp/hard\libc.a(lib_a-errno.o)
 .comment       0x0000003c       0x3d c:/program files (x86)/microchip/xc32/v2.15/bin/bin/../../lib/gcc/pic32c/6.2.1/../../../../pic32c/lib/v7e-m/fpv4-sp/hard\libc.a(lib_a-exit.o)
 .comment       0x0000003c       0x3d c:/program files (x86)/microchip/xc32/v2.15/bin/bin/../../lib/gcc/pic32c/6.2.1/../../../../pic32c/lib/v7e-m/fpv4-sp/hard\libc.a(lib_a-fiprintf.o)
 .comment       0x0000003c       0x3d c:/program files (x86)/microchip/xc32/v2.15/bin/bin/../../lib/gcc/pic32c/6.2.1/../../../../pic32c/lib/v7e-m/fpv4-sp/hard\libc.a(lib_a-impure.o)
 .comment       0x0000003c       0x3d c:/program files (x86)/microchip/xc32/v2.15/bin/bin/../../lib/gcc/pic32c/6.2.1/../../../../pic32c/lib/v7e-m/fpv4-sp/hard\libc.a(lib_a-init.o)
 .comment       0x0000003c       0x3d c:/program files (x86)/microchip/xc32/v2.15/bin/bin/../../lib/gcc/pic32c/6.2.1/../../../../pic32c/lib/v7e-m/fpv4-sp/hard\libc.a(lib_a-memcmp.o)
 .comment       0x0000003c       0x3d c:/program files (x86)/microchip/xc32/v2.15/bin/bin/../../lib/gcc/pic32c/6.2.1/../../../../pic32c/lib/v7e-m/fpv4-sp/hard\libc.a(lib_a-memset.o)
 .comment       0x0000003c       0x3d c:/program files (x86)/microchip/xc32/v2.15/bin/bin/../../lib/gcc/pic32c/6.2.1/../../../../pic32c/lib/v7e-m/fpv4-sp/hard\libc.a(lib_a-printf.o)
 .comment       0x0000003c       0x3d c:/program files (x86)/microchip/xc32/v2.15/bin/bin/../../lib/gcc/pic32c/6.2.1/../../../../pic32c/lib/v7e-m/fpv4-sp/hard\libc.a(lib_a-signal.o)
 .comment       0x0000003c       0x3d c:/program files (x86)/microchip/xc32/v2.15/bin/bin/../../lib/gcc/pic32c/6.2.1/../../../../pic32c/lib/v7e-m/fpv4-sp/hard\libc.a(lib_a-signalr.o)
 .comment       0x0000003c       0x3d c:/program files (x86)/microchip/xc32/v2.15/bin/bin/../../lib/gcc/pic32c/6.2.1/../../../../pic32c/lib/v7e-m/fpv4-sp/hard\libc.a(lib_a-snprintf.o)
 .comment       0x0000003c       0x3d c:/program files (x86)/microchip/xc32/v2.15/bin/bin/../../lib/gcc/pic32c/6.2.1/../../../../pic32c/lib/v7e-m/fpv4-sp/hard\libc.a(lib_a-strcpy.o)
 .comment       0x0000003c       0x3d c:/program files (x86)/microchip/xc32/v2.15/bin/bin/../../lib/gcc/pic32c/6.2.1/../../../../pic32c/lib/v7e-m/fpv4-sp/hard\libc.a(lib_a-svfprintf.o)
 .comment       0x0000003c       0x3d c:/program files (x86)/microchip/xc32/v2.15/bin/bin/../../lib/gcc/pic32c/6.2.1/../../../../pic32c/lib/v7e-m/fpv4-sp/hard\libc.a(lib_a-vfiprintf.o)
 .comment       0x0000003c       0x3d c:/program files (x86)/microchip/xc32/v2.15/bin/bin/../../lib/gcc/pic32c/6.2.1/../../../../pic32c/lib/v7e-m/fpv4-sp/hard\libc.a(lib_a-vfprintf.o)
 .comment       0x0000003c       0x3d c:/program files (x86)/microchip/xc32/v2.15/bin/bin/../../lib/gcc/pic32c/6.2.1/../../../../pic32c/lib/v7e-m/fpv4-sp/hard\libc.a(lib_a-wsetup.o)
 .comment       0x0000003c       0x3d c:/program files (x86)/microchip/xc32/v2.15/bin/bin/../../lib/gcc/pic32c/6.2.1/../../../../pic32c/lib/v7e-m/fpv4-sp/hard\libc.a(lib_a-__call_atexit.o)
 .comment       0x0000003c       0x3d c:/program files (x86)/microchip/xc32/v2.15/bin/bin/../../lib/gcc/pic32c/6.2.1/../../../../pic32c/lib/v7e-m/fpv4-sp/hard\libc.a(lib_a-atexit.o)
 .comment       0x0000003c       0x3d c:/program files (x86)/microchip/xc32/v2.15/bin/bin/../../lib/gcc/pic32c/6.2.1/../../../../pic32c/lib/v7e-m/fpv4-sp/hard\libc.a(lib_a-dtoa.o)
 .comment       0x0000003c       0x3d c:/program files (x86)/microchip/xc32/v2.15/bin/bin/../../lib/gcc/pic32c/6.2.1/../../../../pic32c/lib/v7e-m/fpv4-sp/hard\libc.a(lib_a-fflush.o)
 .comment       0x0000003c       0x3d c:/program files (x86)/microchip/xc32/v2.15/bin/bin/../../lib/gcc/pic32c/6.2.1/../../../../pic32c/lib/v7e-m/fpv4-sp/hard\libc.a(lib_a-findfp.o)
 .comment       0x0000003c       0x3d c:/program files (x86)/microchip/xc32/v2.15/bin/bin/../../lib/gcc/pic32c/6.2.1/../../../../pic32c/lib/v7e-m/fpv4-sp/hard\libc.a(lib_a-fini.o)
 .comment       0x0000003c       0x3d c:/program files (x86)/microchip/xc32/v2.15/bin/bin/../../lib/gcc/pic32c/6.2.1/../../../../pic32c/lib/v7e-m/fpv4-sp/hard\libc.a(lib_a-fputwc.o)
 .comment       0x0000003c       0x3d c:/program files (x86)/microchip/xc32/v2.15/bin/bin/../../lib/gcc/pic32c/6.2.1/../../../../pic32c/lib/v7e-m/fpv4-sp/hard\libc.a(lib_a-freer.o)
 .comment       0x0000003c       0x3d c:/program files (x86)/microchip/xc32/v2.15/bin/bin/../../lib/gcc/pic32c/6.2.1/../../../../pic32c/lib/v7e-m/fpv4-sp/hard\libc.a(lib_a-fvwrite.o)
 .comment       0x0000003c       0x3d c:/program files (x86)/microchip/xc32/v2.15/bin/bin/../../lib/gcc/pic32c/6.2.1/../../../../pic32c/lib/v7e-m/fpv4-sp/hard\libc.a(lib_a-fwalk.o)
 .comment       0x0000003c       0x3d c:/program files (x86)/microchip/xc32/v2.15/bin/bin/../../lib/gcc/pic32c/6.2.1/../../../../pic32c/lib/v7e-m/fpv4-sp/hard\libc.a(lib_a-locale.o)
 .comment       0x0000003c       0x3d c:/program files (x86)/microchip/xc32/v2.15/bin/bin/../../lib/gcc/pic32c/6.2.1/../../../../pic32c/lib/v7e-m/fpv4-sp/hard\libc.a(lib_a-localeconv.o)
 .comment       0x0000003c       0x3d c:/program files (x86)/microchip/xc32/v2.15/bin/bin/../../lib/gcc/pic32c/6.2.1/../../../../pic32c/lib/v7e-m/fpv4-sp/hard\libc.a(lib_a-makebuf.o)
 .comment       0x0000003c       0x3d c:/program files (x86)/microchip/xc32/v2.15/bin/bin/../../lib/gcc/pic32c/6.2.1/../../../../pic32c/lib/v7e-m/fpv4-sp/hard\libc.a(lib_a-mallocr.o)
 .comment       0x0000003c       0x3d c:/program files (x86)/microchip/xc32/v2.15/bin/bin/../../lib/gcc/pic32c/6.2.1/../../../../pic32c/lib/v7e-m/fpv4-sp/hard\libc.a(lib_a-mbtowc_r.o)
 .comment       0x0000003c       0x3d c:/program files (x86)/microchip/xc32/v2.15/bin/bin/../../lib/gcc/pic32c/6.2.1/../../../../pic32c/lib/v7e-m/fpv4-sp/hard\libc.a(lib_a-memmove.o)
 .comment       0x0000003c       0x3d c:/program files (x86)/microchip/xc32/v2.15/bin/bin/../../lib/gcc/pic32c/6.2.1/../../../../pic32c/lib/v7e-m/fpv4-sp/hard\libc.a(lib_a-mlock.o)
 .comment       0x0000003c       0x3d c:/program files (x86)/microchip/xc32/v2.15/bin/bin/../../lib/gcc/pic32c/6.2.1/../../../../pic32c/lib/v7e-m/fpv4-sp/hard\libc.a(lib_a-mprec.o)
 .comment       0x0000003c       0x3d c:/program files (x86)/microchip/xc32/v2.15/bin/bin/../../lib/gcc/pic32c/6.2.1/../../../../pic32c/lib/v7e-m/fpv4-sp/hard\libc.a(lib_a-reallocr.o)
 .comment       0x0000003c       0x3d c:/program files (x86)/microchip/xc32/v2.15/bin/bin/../../lib/gcc/pic32c/6.2.1/../../../../pic32c/lib/v7e-m/fpv4-sp/hard\libc.a(lib_a-reent.o)
 .comment       0x0000003c       0x3d c:/program files (x86)/microchip/xc32/v2.15/bin/bin/../../lib/gcc/pic32c/6.2.1/../../../../pic32c/lib/v7e-m/fpv4-sp/hard\libc.a(lib_a-s_frexp.o)
 .comment       0x0000003c       0x3d c:/program files (x86)/microchip/xc32/v2.15/bin/bin/../../lib/gcc/pic32c/6.2.1/../../../../pic32c/lib/v7e-m/fpv4-sp/hard\libc.a(lib_a-sbrkr.o)
 .comment       0x0000003c       0x3d c:/program files (x86)/microchip/xc32/v2.15/bin/bin/../../lib/gcc/pic32c/6.2.1/../../../../pic32c/lib/v7e-m/fpv4-sp/hard\libc.a(lib_a-stdio.o)
 .comment       0x0000003c       0x3d c:/program files (x86)/microchip/xc32/v2.15/bin/bin/../../lib/gcc/pic32c/6.2.1/../../../../pic32c/lib/v7e-m/fpv4-sp/hard\libc.a(lib_a-strncpy.o)
 .comment       0x0000003c       0x3d c:/program files (x86)/microchip/xc32/v2.15/bin/bin/../../lib/gcc/pic32c/6.2.1/../../../../pic32c/lib/v7e-m/fpv4-sp/hard\libc.a(lib_a-svfiprintf.o)
 .comment       0x0000003c       0x3d c:/program files (x86)/microchip/xc32/v2.15/bin/bin/../../lib/gcc/pic32c/6.2.1/../../../../pic32c/lib/v7e-m/fpv4-sp/hard\libc.a(lib_a-wbuf.o)
 .comment       0x0000003c       0x3d c:/program files (x86)/microchip/xc32/v2.15/bin/bin/../../lib/gcc/pic32c/6.2.1/../../../../pic32c/lib/v7e-m/fpv4-sp/hard\libc.a(lib_a-wcrtomb.o)
 .comment       0x0000003c       0x3d c:/program files (x86)/microchip/xc32/v2.15/bin/bin/../../lib/gcc/pic32c/6.2.1/../../../../pic32c/lib/v7e-m/fpv4-sp/hard\libc.a(lib_a-wctomb_r.o)
 .comment       0x0000003c       0x3d c:/program files (x86)/microchip/xc32/v2.15/bin/bin/../../lib/gcc/pic32c/6.2.1/../../../../pic32c/lib/v7e-m/fpv4-sp/hard\libc.a(lib_a-writer.o)
 .comment       0x0000003c       0x3d c:/program files (x86)/microchip/xc32/v2.15/bin/bin/../../lib/gcc/pic32c/6.2.1/../../../../pic32c/lib/v7e-m/fpv4-sp/hard\libc.a(lib_a-__atexit.o)
 .comment       0x0000003c       0x3d c:/program files (x86)/microchip/xc32/v2.15/bin/bin/../../lib/gcc/pic32c/6.2.1/../../../../pic32c/lib/v7e-m/fpv4-sp/hard\libc.a(lib_a-callocr.o)
 .comment       0x0000003c       0x3d c:/program files (x86)/microchip/xc32/v2.15/bin/bin/../../lib/gcc/pic32c/6.2.1/../../../../pic32c/lib/v7e-m/fpv4-sp/hard\libc.a(lib_a-closer.o)
 .comment       0x0000003c       0x3d c:/program files (x86)/microchip/xc32/v2.15/bin/bin/../../lib/gcc/pic32c/6.2.1/../../../../pic32c/lib/v7e-m/fpv4-sp/hard\libc.a(lib_a-ctype_.o)
 .comment       0x0000003c       0x3d c:/program files (x86)/microchip/xc32/v2.15/bin/bin/../../lib/gcc/pic32c/6.2.1/../../../../pic32c/lib/v7e-m/fpv4-sp/hard\libc.a(lib_a-fclose.o)
 .comment       0x0000003c       0x3d c:/program files (x86)/microchip/xc32/v2.15/bin/bin/../../lib/gcc/pic32c/6.2.1/../../../../pic32c/lib/v7e-m/fpv4-sp/hard\libc.a(lib_a-fstatr.o)
 .comment       0x0000003c       0x3d c:/program files (x86)/microchip/xc32/v2.15/bin/bin/../../lib/gcc/pic32c/6.2.1/../../../../pic32c/lib/v7e-m/fpv4-sp/hard\libc.a(lib_a-isattyr.o)
 .comment       0x0000003c       0x3d c:/program files (x86)/microchip/xc32/v2.15/bin/bin/../../lib/gcc/pic32c/6.2.1/../../../../pic32c/lib/v7e-m/fpv4-sp/hard\libc.a(lib_a-lseekr.o)
 .comment       0x0000003c       0x3d c:/program files (x86)/microchip/xc32/v2.15/bin/bin/../../lib/gcc/pic32c/6.2.1/../../../../pic32c/lib/v7e-m/fpv4-sp/hard\libc.a(lib_a-readr.o)
 .comment       0x0000003c       0x3d c:/program files (x86)/microchip/xc32/v2.15/bin/bin/../../lib/gcc/pic32c/6.2.1/../../../../pic32c/lib/v7e-m/fpv4-sp/hard\libpic32c.a(read.o)
 .comment       0x0000003c       0x3d c:/program files (x86)/microchip/xc32/v2.15/bin/bin/../../lib/gcc/pic32c/6.2.1/../../../../pic32c/lib/v7e-m/fpv4-sp/hard\libpic32c.a(write.o)
 .comment       0x0000003c       0x3d c:/program files (x86)/microchip/xc32/v2.15/bin/bin/../../lib/gcc/pic32c/6.2.1/../../../../pic32c/lib/v7e-m/fpv4-sp/hard\libpic32c.a(_mon_getc.o)
 .comment       0x0000003c       0x3d c:/program files (x86)/microchip/xc32/v2.15/bin/bin/../../lib/gcc/pic32c/6.2.1/../../../../pic32c/lib/v7e-m/fpv4-sp/hard\libpic32c.a(_mon_putc.o)
 .comment       0x0000003c       0x3d c:/program files (x86)/microchip/xc32/v2.15/bin/bin/../../lib/gcc/pic32c/6.2.1/v7e-m/fpv4-sp/hard/crtend.o

.debug_line     0x00000000    0x310d9
 .debug_line    0x00000000       0xcc c:/program files (x86)/microchip/xc32/v2.15/bin/bin/../../lib/gcc/pic32c/6.2.1/../../../../pic32c/lib/v7e-m/fpv4-sp/hard/crt0.o
 .debug_line    0x000000cc      0x12b build/Default/production/gcc/system_same54.o
 .debug_line    0x000001f7      0x187 build/Default/production/hal/src/hal_atomic.o
 .debug_line    0x0000037e      0x1ba build/Default/production/hal/src/hal_cache.o
 .debug_line    0x00000538      0x12d build/Default/production/hal/src/hal_delay.o
 .debug_line    0x00000665      0x123 build/Default/production/hal/src/hal_gpio.o
 .debug_line    0x00000788      0x123 build/Default/production/hal/src/hal_init.o
 .debug_line    0x000008ab      0x13f build/Default/production/hal/src/hal_io.o
 .debug_line    0x000009ea      0x12a build/Default/production/hal/src/hal_sleep.o
 .debug_line    0x00000b14      0x306 build/Default/production/hal/src/hal_usart_os.o
 .debug_line    0x00000e1a      0x2c4 build/Default/production/hal/src/hal_i2c_m_os.o
 .debug_line    0x000010de      0x323 build/Default/production/hal/src/hal_adc_os.o
 .debug_line    0x00001401      0x2dc build/Default/production/hal/src/hal_calendar.o
 .debug_line    0x000016dd      0x12e build/Default/production/hal/utils/src/utils_assert.o
 .debug_line    0x0000180b      0x215 build/Default/production/hal/utils/src/utils_event.o
 .debug_line    0x00001a20      0x180 build/Default/production/hal/utils/src/utils_list.o
 .debug_line    0x00001ba0      0x174 build/Default/production/hal/utils/src/utils_ringbuffer.o
 .debug_line    0x00001d14      0x1e1 build/Default/production/hal/utils/src/utils_syscalls.o
 .debug_line    0x00001ef5      0x41b build/Default/production/hpl/adc/hpl_adc.o
 .debug_line    0x00002310      0x267 build/Default/production/hpl/cmcc/hpl_cmcc.o
 .debug_line    0x00002577      0x1fd build/Default/production/hpl/core/hpl_core_m4.o
 .debug_line    0x00002774      0x17c build/Default/production/hpl/core/hpl_init.o
 .debug_line    0x000028f0       0xfc build/Default/production/hpl/dmac/hpl_dmac.o
 .debug_line    0x000029ec      0x189 build/Default/production/hpl/gclk/hpl_gclk.o
 .debug_line    0x00002b75      0x170 build/Default/production/hpl/mclk/hpl_mclk.o
 .debug_line    0x00002ce5      0x1b0 build/Default/production/hpl/osc32kctrl/hpl_osc32kctrl.o
 .debug_line    0x00002e95      0x1c5 build/Default/production/hpl/oscctrl/hpl_oscctrl.o
 .debug_line    0x0000305a      0x175 build/Default/production/hpl/pm/hpl_pm.o
 .debug_line    0x000031cf      0x209 build/Default/production/hpl/ramecc/hpl_ramecc.o
 .debug_line    0x000033d8      0xaa3 build/Default/production/hpl/sercom/hpl_sercom.o
 .debug_line    0x00003e7b      0x2b6 build/Default/production/thirdparty/RTOS/freertos/FreeRTOSV10.0.0/Source/portable/GCC/ARM_CM4F/port.o
 .debug_line    0x00004131      0x2a5 build/Default/production/thirdparty/RTOS/freertos/FreeRTOSV10.0.0/Source/portable/MemMang/heap_2.o
 .debug_line    0x000043d6       0x4a build/Default/production/thirdparty/RTOS/freertos/FreeRTOSV10.0.0/Source/croutine.o
 .debug_line    0x00004420      0x40e build/Default/production/thirdparty/RTOS/freertos/FreeRTOSV10.0.0/Source/event_groups.o
 .debug_line    0x0000482e      0x2bc build/Default/production/thirdparty/RTOS/freertos/FreeRTOSV10.0.0/Source/list.o
 .debug_line    0x00004aea      0x7c4 build/Default/production/thirdparty/RTOS/freertos/FreeRTOSV10.0.0/Source/queue.o
 .debug_line    0x000052ae      0x54b build/Default/production/thirdparty/RTOS/freertos/FreeRTOSV10.0.0/Source/stream_buffer.o
 .debug_line    0x000057f9      0x947 build/Default/production/thirdparty/RTOS/freertos/FreeRTOSV10.0.0/Source/tasks.o
 .debug_line    0x00006140      0x461 build/Default/production/thirdparty/RTOS/freertos/FreeRTOSV10.0.0/Source/timers.o
 .debug_line    0x000065a1      0x267 build/Default/production/thirdparty/RTOS/freertos/FreeRTOSV10.0.0/rtos_port.o
 .debug_line    0x00006808       0x9e build/Default/production/thirdparty/SEGGER/Config/SEGGER_SYSVIEW_Config_FreeRTOS.o
 .debug_line    0x000068a6      0x2b8 build/Default/production/thirdparty/SEGGER/Sample/FreeRTOSV10/SEGGER_SYSVIEW_FreeRTOS.o
 .debug_line    0x00006b5e      0x400 build/Default/production/thirdparty/SEGGER/Segger/SEGGER_RTT.o
 .debug_line    0x00006f5e       0x9d build/Default/production/thirdparty/SEGGER/Segger/SEGGER_RTT_ASM_ARMv7M.o
 .debug_line    0x00006ffb      0x804 build/Default/production/thirdparty/SEGGER/Segger/SEGGER_SYSVIEW.o
 .debug_line    0x000077ff      0x51d build/Default/production/driver_init.o
 .debug_line    0x00007d1c      0x2e5 build/Default/production/rtos_start.o
 .debug_line    0x00008001      0x27c build/Default/production/atmel_start.o
 .debug_line    0x0000827d      0x7c4 build/Default/production/cppinit.o
 .debug_line    0x00008a41      0x57f build/Default/production/ScreenManager.o
 .debug_line    0x00008fc0       0x6f build/Default/production/ScreenMessages.o
 .debug_line    0x0000902f      0x3b5 build/Default/production/StringManipulation.o
 .debug_line    0x000093e4      0x24a build/Default/production/Led.o
 .debug_line    0x0000962e      0x1d9 build/Default/production/LedManager.o
 .debug_line    0x00009807      0x26e build/Default/production/TriColorLed.o
 .debug_line    0x00009a75      0x3d1 build/Default/production/UIManager.o
 .debug_line    0x00009e46      0x7d2 build/Default/production/TankManager.o
 .debug_line    0x0000a618      0x138 build/Default/production/Arrays.o
 .debug_line    0x0000a750      0x42c build/Default/production/e54manageadc.o
 .debug_line    0x0000ab7c      0x4ca build/Default/production/TextLCD.o
 .debug_line    0x0000b046      0x2f3 build/Default/production/main.o
 .debug_line    0x0000b339      0x360 build/Default/production/temperatureCircuit.o
 .debug_line    0x0000b699      0x494 build/Default/production/CapsenseController.o
 .debug_line    0x0000bb2d      0x996 build/Default/production/SystemManager.o
 .debug_line    0x0000c4c3      0x443 build/Default/production/DispenseManager.o
 .debug_line    0x0000c906      0x1bc build/Default/production/CoffeeBeverage.o
 .debug_line    0x0000cac2      0x249 build/Default/production/pwm.o
 .debug_line    0x0000cd0b      0x1a4 build/Default/production/tcc_lite.o
 .debug_line    0x0000ceaf       0x40 build/Default/production/GeneralFaults.o
 .debug_line    0x0000ceef      0x3ae build/Default/production/sprintfoverride.o
 .debug_line    0x0000d29d      0x2fc build/Default/production/SlowSoftI2CMaster.o
 .debug_line    0x0000d599      0x3f1 build/Default/production/Warmer.o
 .debug_line    0x0000d98a      0x215 build/Default/production/WarmerManager.o
 .debug_line    0x0000db9f      0x757 build/Default/production/StateTouchTest.o
 .debug_line    0x0000e2f6      0x972 build/Default/production/StateNormalMode.o
 .debug_line    0x0000ec68      0x333 build/Default/production/hpl_rtc.o
 .debug_line    0x0000ef9b      0x1b1 build/Default/production/Calendar.o
 .debug_line    0x0000f14c      0x77b build/Default/production/StateEditDate.o
 .debug_line    0x0000f8c7      0x746 build/Default/production/StateMenuBrowse.o
 .debug_line    0x0001000d      0x76a build/Default/production/StateEditTime.o
 .debug_line    0x00010777      0x715 build/Default/production/StateSystemStartup.o
 .debug_line    0x00010e8c      0x420 build/Default/production/SoftSPI.o
 .debug_line    0x000112ac      0x443 build/Default/production/SPIFlash.o
 .debug_line    0x000116ef      0x509 build/Default/production/debugFunctions.o
 .debug_line    0x00011bf8      0x33c build/Default/production/NvParmManager.o
 .debug_line    0x00011f34      0x2d4 build/Default/production/osDelay.o
 .debug_line    0x00012208      0x274 build/Default/production/TeaDispenseManager.o
 .debug_line    0x0001247c      0x77c build/Default/production/StateEditTankTemperature.o
 .debug_line    0x00012bf8      0x842 build/Default/production/StateEditEnergySavings.o
 .debug_line    0x0001343a      0x2de build/Default/production/EnergySavingsManager.o
 .debug_line    0x00013718      0x743 build/Default/production/StateEnergySavings.o
 .debug_line    0x00013e5b      0x744 build/Default/production/StateEditTimeFormat.o
 .debug_line    0x0001459f      0x943 build/Default/production/StateEditCoffeeRecipe.o
 .debug_line    0x00014ee2      0x727 build/Default/production/RAMRecipes.o
 .debug_line    0x00015609      0x84a build/Default/production/StateTeachMode.o
 .debug_line    0x00015e53      0x6fe build/Default/production/StateScreenTest.o
 .debug_line    0x00016551      0x7e5 build/Default/production/StateShowBrewCounters.o
 .debug_line    0x00016d36      0x748 build/Default/production/StateEditLowTempNoBrew.o
 .debug_line    0x0001747e      0x729 build/Default/production/StateResetSystemSettings.o
 .debug_line    0x00017ba7      0x86b build/Default/production/StateAutomaticTestMode.o
 .debug_line    0x00018412      0x712 build/Default/production/StateViewTemperature.o
 .debug_line    0x00018b24      0x724 build/Default/production/StateViewWaterLevels.o
 .debug_line    0x00019248      0x74e build/Default/production/StateStandbyMode.o
 .debug_line    0x00019996      0x737 build/Default/production/StateFCTMainMenu.o
 .debug_line    0x0001a0cd      0x76c build/Default/production/StateFCTControlCoffeeOutput.o